******************************************************************************
                  MSP430 Linker PC v4.4.3                      
******************************************************************************
>> Linked Sat Sep 26 08:36:22 2015

OUTPUT FILE NAME:   <12_I2C_LED_KEY.out>
ENTRY POINT SYMBOL: "_c_int00_noargs_noexit"  address: 0000c4c4


MEMORY CONFIGURATION

         name            origin    length      used     unused   attr    fill
----------------------  --------  ---------  --------  --------  ----  --------
  SFR                   00000000   00000010  00000000  00000010  RWIX
  PERIPHERALS_8BIT      00000010   000000f0  00000000  000000f0  RWIX
  PERIPHERALS_16BIT     00000100   00000100  00000000  00000100  RWIX
  RAM                   00000200   00000200  00000062  0000019e  RWIX
  INFOD                 00001000   00000040  00000000  00000040  RWIX
  INFOC                 00001040   00000040  00000000  00000040  RWIX
  INFOB                 00001080   00000040  00000000  00000040  RWIX
  INFOA                 000010c0   00000040  00000000  00000040  RWIX
  FLASH                 0000c000   00003fe0  000005c6  00003a1a  RWIX
  INT00                 0000ffe0   00000002  00000002  00000000  RWIX
  INT01                 0000ffe2   00000002  00000002  00000000  RWIX
  INT02                 0000ffe4   00000002  00000002  00000000  RWIX
  INT03                 0000ffe6   00000002  00000002  00000000  RWIX
  INT04                 0000ffe8   00000002  00000002  00000000  RWIX
  INT05                 0000ffea   00000002  00000002  00000000  RWIX
  INT06                 0000ffec   00000002  00000002  00000000  RWIX
  INT07                 0000ffee   00000002  00000002  00000000  RWIX
  INT08                 0000fff0   00000002  00000002  00000000  RWIX
  INT09                 0000fff2   00000002  00000002  00000000  RWIX
  INT10                 0000fff4   00000002  00000002  00000000  RWIX
  INT11                 0000fff6   00000002  00000002  00000000  RWIX
  INT12                 0000fff8   00000002  00000002  00000000  RWIX
  INT13                 0000fffa   00000002  00000002  00000000  RWIX
  INT14                 0000fffc   00000002  00000002  00000000  RWIX
  RESET                 0000fffe   00000002  00000002  00000000  RWIX


SECTION ALLOCATION MAP

 output                                  attributes/
section   page    origin      length       input sections
--------  ----  ----------  ----------   ----------------
.bss       0    00000200    00000012     UNINITIALIZED
                  00000200    00000007     USCI_I2C.obj (.bss)
                  00000207    00000006     main.obj (.bss)
                  0000020d    00000001     --HOLE--
                  0000020e    00000004     TCA6416A.obj (.bss)

.stack     0    000003b0    00000050     UNINITIALIZED
                  000003b0    00000002     rts430.lib : boot.obj (.stack)
                  000003b2    0000004e     --HOLE--

.text      0    0000c000    0000057c     
                  0000c000    000000b8     TCA6416A.obj (.text:PinOUT)
                  0000c0b8    00000090     main.obj (.text:I2C_IODect)
                  0000c148    00000070     main.obj (.text:main)
                  0000c1b8    0000006e     TCA6416A.obj (.text:TCA6416A_Init)
                  0000c226    00000048     TCA6416A.obj (.text:PinIN)
                  0000c26e    00000048     rts430.lib : autoinit.obj (.text:_auto_init)
                  0000c2b6    0000003e     USCI_I2C.obj (.text:USCIAB0TX_ISR)
                  0000c2f4    00000038     USCI_I2C.obj (.text:USCI_I2C_Init)
                  0000c32c    0000002c     rts430.lib : div16s.obj (.text)
                  0000c358    0000002c                : lsl16.obj (.text)
                  0000c384    0000002a     USCI_I2C.obj (.text:PreSet_Rx_Frame)
                  0000c3ae    00000026     USCI_I2C.obj (.text:PreSet_Tx_Frame)
                  0000c3d4    00000022     USCI_I2C.obj (.text:I2C_TxFrame_ISR)
                  0000c3f6    00000020     USCI_I2C.obj (.text:USCI_I2C_Rx_Init)
                  0000c416    00000020     USCI_I2C.obj (.text:USCI_I2C_Tx_Init)
                  0000c436    0000001e     main.obj (.text:I2C_IO13_Onclick)
                  0000c454    0000001e     USCI_I2C.obj (.text:I2C_RxFrame_ISR)
                  0000c472    0000001c     main.obj (.text:I2C_IO11_Onclick)
                  0000c48e    0000001c     main.obj (.text:I2C_IO12_Onclick)
                  0000c4aa    0000001a     main.obj (.text:I2C_IO10_Onclick)
                  0000c4c4    0000001a     rts430.lib : boot_special.obj (.text:_c_int00_noargs_noexit)
                  0000c4de    00000018     TCA6416A.obj (.text:TCA6416_Rx_Frame)
                  0000c4f6    00000018     TCA6416A.obj (.text:TCA6416_Tx_Frame)
                  0000c50e    00000016     rts430.lib : div16u.obj (.text)
                  0000c524    00000014                : memset.obj (.text:memset)
                  0000c538    00000012                : memcpy.obj (.text:memcpy)
                  0000c54a    00000010                : epilog.obj (.text)
                  0000c55a    0000000c     main.obj (.text:WDT_init)
                  0000c566    00000008     main.obj (.text:watchdog_timer)
                  0000c56e    00000006     rts430.lib : isr_trap.obj (.text:_isr:__TI_ISR_TRAP)
                  0000c574    00000004                : pre_init.obj (.text:_system_pre_init)
                  0000c578    00000004                : exit.obj (.text:abort)

.cinit     0    0000c57c    0000004a     
                  0000c57c    00000023     main.obj (.cinit)
                  0000c59f    00000001     --HOLE-- [fill = 0]
                  0000c5a0    00000011     TCA6416A.obj (.cinit)
                  0000c5b1    00000001     --HOLE-- [fill = 0]
                  0000c5b2    00000011     USCI_I2C.obj (.cinit)
                  0000c5c3    00000001     --HOLE-- [fill = 0]
                  0000c5c4    00000002     (.pad.cinit) [fill = 0]

.pinit     0    0000c000    00000000     UNINITIALIZED

.int00     0    0000ffe0    00000002     
                  0000ffe0    00000002     rts430.lib : int00.obj (.int00)

.int01     0    0000ffe2    00000002     
                  0000ffe2    00000002     rts430.lib : int01.obj (.int01)

.int02     0    0000ffe4    00000002     
                  0000ffe4    00000002     rts430.lib : int02.obj (.int02)

.int03     0    0000ffe6    00000002     
                  0000ffe6    00000002     rts430.lib : int03.obj (.int03)

.int04     0    0000ffe8    00000002     
                  0000ffe8    00000002     rts430.lib : int04.obj (.int04)

.int05     0    0000ffea    00000002     
                  0000ffea    00000002     rts430.lib : int05.obj (.int05)

.int06     0    0000ffec    00000002     
                  0000ffec    00000002     USCI_I2C.obj (.int06)

.int07     0    0000ffee    00000002     
                  0000ffee    00000002     rts430.lib : int07.obj (.int07)

.int08     0    0000fff0    00000002     
                  0000fff0    00000002     rts430.lib : int08.obj (.int08)

.int09     0    0000fff2    00000002     
                  0000fff2    00000002     rts430.lib : int09.obj (.int09)

.int10     0    0000fff4    00000002     
                  0000fff4    00000002     main.obj (.int10)

.int11     0    0000fff6    00000002     
                  0000fff6    00000002     rts430.lib : int11.obj (.int11)

.int12     0    0000fff8    00000002     
                  0000fff8    00000002     rts430.lib : int12.obj (.int12)

.int13     0    0000fffa    00000002     
                  0000fffa    00000002     rts430.lib : int13.obj (.int13)

.int14     0    0000fffc    00000002     
                  0000fffc    00000002     rts430.lib : int14.obj (.int14)

.reset     0    0000fffe    00000002     
                  0000fffe    00000002     rts430.lib : boot.obj (.reset)


GLOBAL SYMBOLS: SORTED ALPHABETICALLY BY Name 

address   name                  
-------   ----                  
00000200  .bss                  
0000c000  .text                 
0000004a  ADC10AE0              
000001b0  ADC10CTL0             
000001b2  ADC10CTL1             
00000048  ADC10DTC0             
00000049  ADC10DTC1             
000001b4  ADC10MEM              
000001bc  ADC10SA               
00000057  BCSCTL1               
00000058  BCSCTL2               
00000053  BCSCTL3               
0000c578  C$$EXIT               
00000059  CACTL1                
0000005a  CACTL2                
000010fb  CALBC1_12MHZ          
000010f9  CALBC1_16MHZ          
000010ff  CALBC1_1MHZ           
000010fd  CALBC1_8MHZ           
000010fa  CALDCO_12MHZ          
000010f8  CALDCO_16MHZ          
000010fe  CALDCO_1MHZ           
000010fc  CALDCO_8MHZ           
0000005b  CAPD                  
00000056  DCOCTL                
00000128  FCTL1                 
0000012a  FCTL2                 
0000012c  FCTL3                 
0000c4aa  I2C_IO10_Onclick      
0000c472  I2C_IO11_Onclick      
0000c48e  I2C_IO12_Onclick      
0000c436  I2C_IO13_Onclick      
0000c0b8  I2C_IODect            
0000c454  I2C_RxFrame_ISR       
00000206  I2C_State             
0000c3d4  I2C_TxFrame_ISR       
00000000  IE1                   
00000001  IE2                   
00000002  IFG1                  
00000003  IFG2                  
0000c358  I_LSL                 
0000c380  I_LSL_1               
0000c36e  I_LSL_10              
0000c36c  I_LSL_11              
0000c36a  I_LSL_12              
0000c368  I_LSL_13              
0000c366  I_LSL_14              
0000c364  I_LSL_15              
0000c37e  I_LSL_2               
0000c37c  I_LSL_3               
0000c37a  I_LSL_4               
0000c378  I_LSL_5               
0000c376  I_LSL_6               
0000c374  I_LSL_7               
0000c372  I_LSL_8               
0000c370  I_LSL_9               
00000022  P1DIR                 
00000025  P1IE                  
00000024  P1IES                 
00000023  P1IFG                 
00000020  P1IN                  
00000021  P1OUT                 
00000027  P1REN                 
00000026  P1SEL                 
00000041  P1SEL2                
0000002a  P2DIR                 
0000002d  P2IE                  
0000002c  P2IES                 
0000002b  P2IFG                 
00000028  P2IN                  
00000029  P2OUT                 
0000002f  P2REN                 
0000002e  P2SEL                 
00000042  P2SEL2                
0000001a  P3DIR                 
00000018  P3IN                  
00000019  P3OUT                 
00000010  P3REN                 
0000001b  P3SEL                 
00000043  P3SEL2                
0000c226  PinIN                 
0000c000  PinOUT                
0000c384  PreSet_Rx_Frame       
0000c3ae  PreSet_Tx_Frame       
00000172  TA0CCR0               
00000174  TA0CCR1               
00000176  TA0CCR2               
00000162  TA0CCTL0              
00000164  TA0CCTL1              
00000166  TA0CCTL2              
00000160  TA0CTL                
0000012e  TA0IV                 
00000170  TA0R                  
00000192  TA1CCR0               
00000194  TA1CCR1               
00000196  TA1CCR2               
00000182  TA1CCTL0              
00000184  TA1CCTL1              
00000186  TA1CCTL2              
00000180  TA1CTL                
0000011e  TA1IV                 
00000190  TA1R                  
0000c1b8  TCA6416A_Init         
0000020e  TCA6416A_InputBuffer  
0000c4de  TCA6416_Rx_Frame      
0000c4f6  TCA6416_Tx_Frame      
000010db  TLV_ADC10_1_LEN       
000010da  TLV_ADC10_1_TAG       
000010c0  TLV_CHECKSUM          
000010f7  TLV_DCO_30_LEN        
000010f6  TLV_DCO_30_TAG        
0000005d  UCA0ABCTL             
00000062  UCA0BR0               
00000063  UCA0BR1               
00000060  UCA0CTL0              
00000061  UCA0CTL1              
0000005f  UCA0IRRCTL            
0000005e  UCA0IRTCTL            
00000064  UCA0MCTL              
00000066  UCA0RXBUF             
00000065  UCA0STAT              
00000067  UCA0TXBUF             
0000006a  UCB0BR0               
0000006b  UCB0BR1               
00000068  UCB0CTL0              
00000069  UCB0CTL1              
0000006c  UCB0I2CIE             
00000118  UCB0I2COA             
0000011a  UCB0I2CSA             
0000006e  UCB0RXBUF             
0000006d  UCB0STAT              
0000006f  UCB0TXBUF             
0000c2b6  USCIAB0TX_ISR         
0000c2f4  USCI_I2C_Init         
0000c3f6  USCI_I2C_Rx_Init      
0000c416  USCI_I2C_Tx_Init      
00000120  WDTCTL                
0000c55a  WDT_init              
00000400  __STACK_END           
00000050  __STACK_SIZE          
0000c56e  __TI_ISR_TRAP         
0000ffe0  __TI_int00            
0000ffe2  __TI_int01            
0000ffe4  __TI_int02            
0000ffe6  __TI_int03            
0000ffe8  __TI_int04            
0000ffea  __TI_int05            
0000ffec  __TI_int06            
0000ffee  __TI_int07            
0000fff0  __TI_int08            
0000fff2  __TI_int09            
0000fff4  __TI_int10            
0000fff6  __TI_int11            
0000fff8  __TI_int12            
0000fffa  __TI_int13            
0000fffc  __TI_int14            
ffffffff  __binit__             
00000200  __bss__               
ffffffff  __c_args__            
0000c57c  __cinit__             
0000c32c  __divi                
0000c50e  __divu                
00000212  __end__               
0000c57c  __etext__             
ffffffff  __pinit__             
0000c32c  __remi                
0000c50e  __remu                
0000c000  __text__              
0000c26e  _auto_init            
0000c4c4  _c_int00_noargs_noexit
0000fffe  _reset_vector         
000003b0  _stack                
0000c574  _system_pre_init      
0000c578  abort                 
ffffffff  binit                 
0000c57c  cinit                 
00000212  end                   
0000c57c  etext                 
0000c556  func_epilog_1         
0000c554  func_epilog_2         
0000c552  func_epilog_3         
0000c550  func_epilog_4         
0000c54e  func_epilog_5         
0000c54c  func_epilog_6         
0000c54a  func_epilog_7         
0000c148  main                  
0000c538  memcpy                
0000c524  memset                
ffffffff  pinit                 
0000c566  watchdog_timer        


GLOBAL SYMBOLS: SORTED BY Symbol Address 

address   name                  
-------   ----                  
00000000  IE1                   
00000001  IE2                   
00000002  IFG1                  
00000003  IFG2                  
00000010  P3REN                 
00000018  P3IN                  
00000019  P3OUT                 
0000001a  P3DIR                 
0000001b  P3SEL                 
00000020  P1IN                  
00000021  P1OUT                 
00000022  P1DIR                 
00000023  P1IFG                 
00000024  P1IES                 
00000025  P1IE                  
00000026  P1SEL                 
00000027  P1REN                 
00000028  P2IN                  
00000029  P2OUT                 
0000002a  P2DIR                 
0000002b  P2IFG                 
0000002c  P2IES                 
0000002d  P2IE                  
0000002e  P2SEL                 
0000002f  P2REN                 
00000041  P1SEL2                
00000042  P2SEL2                
00000043  P3SEL2                
00000048  ADC10DTC0             
00000049  ADC10DTC1             
0000004a  ADC10AE0              
00000050  __STACK_SIZE          
00000053  BCSCTL3               
00000056  DCOCTL                
00000057  BCSCTL1               
00000058  BCSCTL2               
00000059  CACTL1                
0000005a  CACTL2                
0000005b  CAPD                  
0000005d  UCA0ABCTL             
0000005e  UCA0IRTCTL            
0000005f  UCA0IRRCTL            
00000060  UCA0CTL0              
00000061  UCA0CTL1              
00000062  UCA0BR0               
00000063  UCA0BR1               
00000064  UCA0MCTL              
00000065  UCA0STAT              
00000066  UCA0RXBUF             
00000067  UCA0TXBUF             
00000068  UCB0CTL0              
00000069  UCB0CTL1              
0000006a  UCB0BR0               
0000006b  UCB0BR1               
0000006c  UCB0I2CIE             
0000006d  UCB0STAT              
0000006e  UCB0RXBUF             
0000006f  UCB0TXBUF             
00000118  UCB0I2COA             
0000011a  UCB0I2CSA             
0000011e  TA1IV                 
00000120  WDTCTL                
00000128  FCTL1                 
0000012a  FCTL2                 
0000012c  FCTL3                 
0000012e  TA0IV                 
00000160  TA0CTL                
00000162  TA0CCTL0              
00000164  TA0CCTL1              
00000166  TA0CCTL2              
00000170  TA0R                  
00000172  TA0CCR0               
00000174  TA0CCR1               
00000176  TA0CCR2               
00000180  TA1CTL                
00000182  TA1CCTL0              
00000184  TA1CCTL1              
00000186  TA1CCTL2              
00000190  TA1R                  
00000192  TA1CCR0               
00000194  TA1CCR1               
00000196  TA1CCR2               
000001b0  ADC10CTL0             
000001b2  ADC10CTL1             
000001b4  ADC10MEM              
000001bc  ADC10SA               
00000200  .bss                  
00000200  __bss__               
00000206  I2C_State             
0000020e  TCA6416A_InputBuffer  
00000212  __end__               
00000212  end                   
000003b0  _stack                
00000400  __STACK_END           
000010c0  TLV_CHECKSUM          
000010da  TLV_ADC10_1_TAG       
000010db  TLV_ADC10_1_LEN       
000010f6  TLV_DCO_30_TAG        
000010f7  TLV_DCO_30_LEN        
000010f8  CALDCO_16MHZ          
000010f9  CALBC1_16MHZ          
000010fa  CALDCO_12MHZ          
000010fb  CALBC1_12MHZ          
000010fc  CALDCO_8MHZ           
000010fd  CALBC1_8MHZ           
000010fe  CALDCO_1MHZ           
000010ff  CALBC1_1MHZ           
0000c000  .text                 
0000c000  PinOUT                
0000c000  __text__              
0000c0b8  I2C_IODect            
0000c148  main                  
0000c1b8  TCA6416A_Init         
0000c226  PinIN                 
0000c26e  _auto_init            
0000c2b6  USCIAB0TX_ISR         
0000c2f4  USCI_I2C_Init         
0000c32c  __divi                
0000c32c  __remi                
0000c358  I_LSL                 
0000c364  I_LSL_15              
0000c366  I_LSL_14              
0000c368  I_LSL_13              
0000c36a  I_LSL_12              
0000c36c  I_LSL_11              
0000c36e  I_LSL_10              
0000c370  I_LSL_9               
0000c372  I_LSL_8               
0000c374  I_LSL_7               
0000c376  I_LSL_6               
0000c378  I_LSL_5               
0000c37a  I_LSL_4               
0000c37c  I_LSL_3               
0000c37e  I_LSL_2               
0000c380  I_LSL_1               
0000c384  PreSet_Rx_Frame       
0000c3ae  PreSet_Tx_Frame       
0000c3d4  I2C_TxFrame_ISR       
0000c3f6  USCI_I2C_Rx_Init      
0000c416  USCI_I2C_Tx_Init      
0000c436  I2C_IO13_Onclick      
0000c454  I2C_RxFrame_ISR       
0000c472  I2C_IO11_Onclick      
0000c48e  I2C_IO12_Onclick      
0000c4aa  I2C_IO10_Onclick      
0000c4c4  _c_int00_noargs_noexit
0000c4de  TCA6416_Rx_Frame      
0000c4f6  TCA6416_Tx_Frame      
0000c50e  __divu                
0000c50e  __remu                
0000c524  memset                
0000c538  memcpy                
0000c54a  func_epilog_7         
0000c54c  func_epilog_6         
0000c54e  func_epilog_5         
0000c550  func_epilog_4         
0000c552  func_epilog_3         
0000c554  func_epilog_2         
0000c556  func_epilog_1         
0000c55a  WDT_init              
0000c566  watchdog_timer        
0000c56e  __TI_ISR_TRAP         
0000c574  _system_pre_init      
0000c578  C$$EXIT               
0000c578  abort                 
0000c57c  __cinit__             
0000c57c  __etext__             
0000c57c  cinit                 
0000c57c  etext                 
0000ffe0  __TI_int00            
0000ffe2  __TI_int01            
0000ffe4  __TI_int02            
0000ffe6  __TI_int03            
0000ffe8  __TI_int04            
0000ffea  __TI_int05            
0000ffec  __TI_int06            
0000ffee  __TI_int07            
0000fff0  __TI_int08            
0000fff2  __TI_int09            
0000fff4  __TI_int10            
0000fff6  __TI_int11            
0000fff8  __TI_int12            
0000fffa  __TI_int13            
0000fffc  __TI_int14            
0000fffe  _reset_vector         
ffffffff  __binit__             
ffffffff  __c_args__            
ffffffff  __pinit__             
ffffffff  binit                 
ffffffff  pinit                 

[190 symbols]
