<?xml version="1.0"?>
<link_info>
   <banner>MSP430 Linker PC v4.4.4</banner>
   <copyright>Copyright (c) 2003-2015 Texas Instruments Incorporated</copyright>
   <link_time>0x5624f00b</link_time>
   <link_errors>0x0</link_errors>
   <output_file>DC2DC.out</output_file>
   <entry_point>
      <name>_c_int00_noargs_noexit</name>
      <address>0xd232</address>
   </entry_point>
   <input_file_list>
      <input_file id="fl-2">
         <path>.\</path>
         <kind>object</kind>
         <file>main.obj</file>
         <name>main.obj</name>
      </input_file>
      <input_file id="fl-3">
         <path>.\src\</path>
         <kind>object</kind>
         <file>HT1621.obj</file>
         <name>HT1621.obj</name>
      </input_file>
      <input_file id="fl-4">
         <path>.\src\</path>
         <kind>object</kind>
         <file>LCD_128.obj</file>
         <name>LCD_128.obj</name>
      </input_file>
      <input_file id="fl-5">
         <path>.\src\</path>
         <kind>object</kind>
         <file>TA_PWM.obj</file>
         <name>TA_PWM.obj</name>
      </input_file>
      <input_file id="fl-6">
         <path>.\src\</path>
         <kind>object</kind>
         <file>TCA6416A.obj</file>
         <name>TCA6416A.obj</name>
      </input_file>
      <input_file id="fl-7">
         <path>.\src\</path>
         <kind>object</kind>
         <file>USCI_I2C.obj</file>
         <name>USCI_I2C.obj</name>
      </input_file>
      <input_file id="fl-36">
         <path>C:\Program Files (x86)\ccs mps430\ccsv6\tools\compiler\ti-cgt-msp430_4.4.4\lib\</path>
         <kind>archive</kind>
         <file>rts430.lib</file>
         <name>asr16.obj</name>
      </input_file>
      <input_file id="fl-37">
         <path>C:\Program Files (x86)\ccs mps430\ccsv6\tools\compiler\ti-cgt-msp430_4.4.4\lib\</path>
         <kind>archive</kind>
         <file>rts430.lib</file>
         <name>boot.obj</name>
      </input_file>
      <input_file id="fl-38">
         <path>C:\Program Files (x86)\ccs mps430\ccsv6\tools\compiler\ti-cgt-msp430_4.4.4\lib\</path>
         <kind>archive</kind>
         <file>rts430.lib</file>
         <name>boot_special.obj</name>
      </input_file>
      <input_file id="fl-39">
         <path>C:\Program Files (x86)\ccs mps430\ccsv6\tools\compiler\ti-cgt-msp430_4.4.4\lib\</path>
         <kind>archive</kind>
         <file>rts430.lib</file>
         <name>copy_decompress_none.obj</name>
      </input_file>
      <input_file id="fl-3a">
         <path>C:\Program Files (x86)\ccs mps430\ccsv6\tools\compiler\ti-cgt-msp430_4.4.4\lib\</path>
         <kind>archive</kind>
         <file>rts430.lib</file>
         <name>copy_decompress_rle.obj</name>
      </input_file>
      <input_file id="fl-3b">
         <path>C:\Program Files (x86)\ccs mps430\ccsv6\tools\compiler\ti-cgt-msp430_4.4.4\lib\</path>
         <kind>archive</kind>
         <file>rts430.lib</file>
         <name>copy_zero_init.obj</name>
      </input_file>
      <input_file id="fl-3c">
         <path>C:\Program Files (x86)\ccs mps430\ccsv6\tools\compiler\ti-cgt-msp430_4.4.4\lib\</path>
         <kind>archive</kind>
         <file>rts430.lib</file>
         <name>div16s.obj</name>
      </input_file>
      <input_file id="fl-3d">
         <path>C:\Program Files (x86)\ccs mps430\ccsv6\tools\compiler\ti-cgt-msp430_4.4.4\lib\</path>
         <kind>archive</kind>
         <file>rts430.lib</file>
         <name>div16u.obj</name>
      </input_file>
      <input_file id="fl-3e">
         <path>C:\Program Files (x86)\ccs mps430\ccsv6\tools\compiler\ti-cgt-msp430_4.4.4\lib\</path>
         <kind>archive</kind>
         <file>rts430.lib</file>
         <name>div32s.obj</name>
      </input_file>
      <input_file id="fl-3f">
         <path>C:\Program Files (x86)\ccs mps430\ccsv6\tools\compiler\ti-cgt-msp430_4.4.4\lib\</path>
         <kind>archive</kind>
         <file>rts430.lib</file>
         <name>div32u.obj</name>
      </input_file>
      <input_file id="fl-40">
         <path>C:\Program Files (x86)\ccs mps430\ccsv6\tools\compiler\ti-cgt-msp430_4.4.4\lib\</path>
         <kind>archive</kind>
         <file>rts430.lib</file>
         <name>epilog.obj</name>
      </input_file>
      <input_file id="fl-41">
         <path>C:\Program Files (x86)\ccs mps430\ccsv6\tools\compiler\ti-cgt-msp430_4.4.4\lib\</path>
         <kind>archive</kind>
         <file>rts430.lib</file>
         <name>exit.obj</name>
      </input_file>
      <input_file id="fl-42">
         <path>C:\Program Files (x86)\ccs mps430\ccsv6\tools\compiler\ti-cgt-msp430_4.4.4\lib\</path>
         <kind>archive</kind>
         <file>rts430.lib</file>
         <name>exit_gvars.obj</name>
      </input_file>
      <input_file id="fl-43">
         <path>C:\Program Files (x86)\ccs mps430\ccsv6\tools\compiler\ti-cgt-msp430_4.4.4\lib\</path>
         <kind>archive</kind>
         <file>rts430.lib</file>
         <name>int00.obj</name>
      </input_file>
      <input_file id="fl-44">
         <path>C:\Program Files (x86)\ccs mps430\ccsv6\tools\compiler\ti-cgt-msp430_4.4.4\lib\</path>
         <kind>archive</kind>
         <file>rts430.lib</file>
         <name>int01.obj</name>
      </input_file>
      <input_file id="fl-45">
         <path>C:\Program Files (x86)\ccs mps430\ccsv6\tools\compiler\ti-cgt-msp430_4.4.4\lib\</path>
         <kind>archive</kind>
         <file>rts430.lib</file>
         <name>int02.obj</name>
      </input_file>
      <input_file id="fl-46">
         <path>C:\Program Files (x86)\ccs mps430\ccsv6\tools\compiler\ti-cgt-msp430_4.4.4\lib\</path>
         <kind>archive</kind>
         <file>rts430.lib</file>
         <name>int03.obj</name>
      </input_file>
      <input_file id="fl-47">
         <path>C:\Program Files (x86)\ccs mps430\ccsv6\tools\compiler\ti-cgt-msp430_4.4.4\lib\</path>
         <kind>archive</kind>
         <file>rts430.lib</file>
         <name>int04.obj</name>
      </input_file>
      <input_file id="fl-48">
         <path>C:\Program Files (x86)\ccs mps430\ccsv6\tools\compiler\ti-cgt-msp430_4.4.4\lib\</path>
         <kind>archive</kind>
         <file>rts430.lib</file>
         <name>int05.obj</name>
      </input_file>
      <input_file id="fl-49">
         <path>C:\Program Files (x86)\ccs mps430\ccsv6\tools\compiler\ti-cgt-msp430_4.4.4\lib\</path>
         <kind>archive</kind>
         <file>rts430.lib</file>
         <name>int07.obj</name>
      </input_file>
      <input_file id="fl-4a">
         <path>C:\Program Files (x86)\ccs mps430\ccsv6\tools\compiler\ti-cgt-msp430_4.4.4\lib\</path>
         <kind>archive</kind>
         <file>rts430.lib</file>
         <name>int08.obj</name>
      </input_file>
      <input_file id="fl-4b">
         <path>C:\Program Files (x86)\ccs mps430\ccsv6\tools\compiler\ti-cgt-msp430_4.4.4\lib\</path>
         <kind>archive</kind>
         <file>rts430.lib</file>
         <name>int09.obj</name>
      </input_file>
      <input_file id="fl-4c">
         <path>C:\Program Files (x86)\ccs mps430\ccsv6\tools\compiler\ti-cgt-msp430_4.4.4\lib\</path>
         <kind>archive</kind>
         <file>rts430.lib</file>
         <name>int11.obj</name>
      </input_file>
      <input_file id="fl-4d">
         <path>C:\Program Files (x86)\ccs mps430\ccsv6\tools\compiler\ti-cgt-msp430_4.4.4\lib\</path>
         <kind>archive</kind>
         <file>rts430.lib</file>
         <name>int12.obj</name>
      </input_file>
      <input_file id="fl-4e">
         <path>C:\Program Files (x86)\ccs mps430\ccsv6\tools\compiler\ti-cgt-msp430_4.4.4\lib\</path>
         <kind>archive</kind>
         <file>rts430.lib</file>
         <name>int13.obj</name>
      </input_file>
      <input_file id="fl-4f">
         <path>C:\Program Files (x86)\ccs mps430\ccsv6\tools\compiler\ti-cgt-msp430_4.4.4\lib\</path>
         <kind>archive</kind>
         <file>rts430.lib</file>
         <name>int14.obj</name>
      </input_file>
      <input_file id="fl-50">
         <path>C:\Program Files (x86)\ccs mps430\ccsv6\tools\compiler\ti-cgt-msp430_4.4.4\lib\</path>
         <kind>archive</kind>
         <file>rts430.lib</file>
         <name>isr_trap.obj</name>
      </input_file>
      <input_file id="fl-51">
         <path>C:\Program Files (x86)\ccs mps430\ccsv6\tools\compiler\ti-cgt-msp430_4.4.4\lib\</path>
         <kind>archive</kind>
         <file>rts430.lib</file>
         <name>lsl16.obj</name>
      </input_file>
      <input_file id="fl-52">
         <path>C:\Program Files (x86)\ccs mps430\ccsv6\tools\compiler\ti-cgt-msp430_4.4.4\lib\</path>
         <kind>archive</kind>
         <file>rts430.lib</file>
         <name>lsr16.obj</name>
      </input_file>
      <input_file id="fl-53">
         <path>C:\Program Files (x86)\ccs mps430\ccsv6\tools\compiler\ti-cgt-msp430_4.4.4\lib\</path>
         <kind>archive</kind>
         <file>rts430.lib</file>
         <name>memcpy.obj</name>
      </input_file>
      <input_file id="fl-54">
         <path>C:\Program Files (x86)\ccs mps430\ccsv6\tools\compiler\ti-cgt-msp430_4.4.4\lib\</path>
         <kind>archive</kind>
         <file>rts430.lib</file>
         <name>memset.obj</name>
      </input_file>
      <input_file id="fl-55">
         <path>C:\Program Files (x86)\ccs mps430\ccsv6\tools\compiler\ti-cgt-msp430_4.4.4\lib\</path>
         <kind>archive</kind>
         <file>rts430.lib</file>
         <name>mpu_init.obj</name>
      </input_file>
      <input_file id="fl-56">
         <path>C:\Program Files (x86)\ccs mps430\ccsv6\tools\compiler\ti-cgt-msp430_4.4.4\lib\</path>
         <kind>archive</kind>
         <file>rts430.lib</file>
         <name>mult16.obj</name>
      </input_file>
      <input_file id="fl-57">
         <path>C:\Program Files (x86)\ccs mps430\ccsv6\tools\compiler\ti-cgt-msp430_4.4.4\lib\</path>
         <kind>archive</kind>
         <file>rts430.lib</file>
         <name>mult32.obj</name>
      </input_file>
      <input_file id="fl-58">
         <path>C:\Program Files (x86)\ccs mps430\ccsv6\tools\compiler\ti-cgt-msp430_4.4.4\lib\</path>
         <kind>archive</kind>
         <file>rts430.lib</file>
         <name>pre_init.obj</name>
      </input_file>
      <input_file id="fl-59">
         <path>C:\Program Files (x86)\ccs mps430\ccsv6\tools\compiler\ti-cgt-msp430_4.4.4\lib\</path>
         <kind>archive</kind>
         <file>rts430.lib</file>
         <name>_lock.obj</name>
      </input_file>
      <input_file id="fl-5a">
         <path>C:\Program Files (x86)\ccs mps430\ccsv6\tools\compiler\ti-cgt-msp430_4.4.4\lib\</path>
         <kind>archive</kind>
         <file>rts430.lib</file>
         <name>args_main.obj</name>
      </input_file>
      <input_file id="fl-5b">
         <path>C:\Program Files (x86)\ccs mps430\ccsv6\tools\compiler\ti-cgt-msp430_4.4.4\lib\</path>
         <kind>archive</kind>
         <file>rts430.lib</file>
         <name>autoinit.obj</name>
      </input_file>
   </input_file_list>
   <object_component_list>
      <object_component id="oc-3b">
         <name>.bss</name>
         <uninitialized>true</uninitialized>
         <run_address>0x200</run_address>
         <size>0x2e</size>
         <input_file_ref idref="fl-2"/>
      </object_component>
      <object_component id="oc-47">
         <name>.bss</name>
         <uninitialized>true</uninitialized>
         <run_address>0x22e</run_address>
         <size>0x10</size>
         <input_file_ref idref="fl-4"/>
      </object_component>
      <object_component id="oc-53">
         <name>.bss</name>
         <uninitialized>true</uninitialized>
         <run_address>0x246</run_address>
         <size>0x4</size>
         <input_file_ref idref="fl-6"/>
      </object_component>
      <object_component id="oc-5a">
         <name>.bss</name>
         <uninitialized>true</uninitialized>
         <run_address>0x23e</run_address>
         <size>0x7</size>
         <input_file_ref idref="fl-7"/>
      </object_component>
      <object_component id="oc-67">
         <name>.stack</name>
         <uninitialized>true</uninitialized>
         <run_address>0x3b0</run_address>
         <size>0x2</size>
         <input_file_ref idref="fl-37"/>
      </object_component>
      <object_component id="oc-13b">
         <name>.stack</name>
         <uninitialized>true</uninitialized>
         <run_address>0x3b0</run_address>
         <size>0x0</size>
      </object_component>
      <object_component id="oc-110">
         <name>.text:LCD_DisplayDigit</name>
         <load_address>0xc000</load_address>
         <run_address>0xc000</run_address>
         <size>0x53a</size>
         <input_file_ref idref="fl-4"/>
      </object_component>
      <object_component id="oc-f0">
         <name>.text:TA1_PWM_Init</name>
         <load_address>0xc53a</load_address>
         <run_address>0xc53a</run_address>
         <size>0x186</size>
         <input_file_ref idref="fl-5"/>
      </object_component>
      <object_component id="oc-fb">
         <name>.text:TA1_PWM_SetPermill</name>
         <load_address>0xc6c0</load_address>
         <run_address>0xc6c0</run_address>
         <size>0x146</size>
         <input_file_ref idref="fl-5"/>
      </object_component>
      <object_component id="oc-f4">
         <name>.text:HT1621_init</name>
         <load_address>0xc806</load_address>
         <run_address>0xc806</run_address>
         <size>0xe4</size>
         <input_file_ref idref="fl-3"/>
      </object_component>
      <object_component id="oc-101">
         <name>.text:PinOUT</name>
         <load_address>0xc8ea</load_address>
         <run_address>0xc8ea</run_address>
         <size>0xb8</size>
         <input_file_ref idref="fl-6"/>
      </object_component>
      <object_component id="oc-103">
         <name>.text:LCD_DisplayNum</name>
         <load_address>0xc9a2</load_address>
         <run_address>0xc9a2</run_address>
         <size>0xb6</size>
         <input_file_ref idref="fl-4"/>
      </object_component>
      <object_component id="oc-f9">
         <name>.text:I2C_IODect</name>
         <load_address>0xca58</load_address>
         <run_address>0xca58</run_address>
         <size>0x90</size>
         <input_file_ref idref="fl-2"/>
      </object_component>
      <object_component id="oc-105">
         <name>.text:HT1621_Reflash</name>
         <load_address>0xcae8</load_address>
         <run_address>0xcae8</run_address>
         <size>0x88</size>
         <input_file_ref idref="fl-3"/>
      </object_component>
      <object_component id="oc-fa">
         <name>.text:calPermill</name>
         <load_address>0xcb70</load_address>
         <run_address>0xcb70</run_address>
         <size>0x84</size>
         <input_file_ref idref="fl-2"/>
      </object_component>
      <object_component id="oc-f3">
         <name>.text:TCA6416A_Init</name>
         <load_address>0xcbf4</load_address>
         <run_address>0xcbf4</run_address>
         <size>0x6e</size>
         <input_file_ref idref="fl-6"/>
      </object_component>
      <object_component id="oc-e3">
         <name>.text:main</name>
         <load_address>0xcc62</load_address>
         <run_address>0xcc62</run_address>
         <size>0x62</size>
         <input_file_ref idref="fl-2"/>
      </object_component>
      <object_component id="oc-f7">
         <name>.text:getTemp</name>
         <load_address>0xccc4</load_address>
         <run_address>0xccc4</run_address>
         <size>0x5e</size>
         <input_file_ref idref="fl-2"/>
      </object_component>
      <object_component id="oc-90">
         <name>.text</name>
         <load_address>0xcd22</load_address>
         <run_address>0xcd22</run_address>
         <size>0x58</size>
         <input_file_ref idref="fl-3f"/>
      </object_component>
      <object_component id="oc-aa">
         <name>.text</name>
         <load_address>0xcd7a</load_address>
         <run_address>0xcd7a</run_address>
         <size>0x4c</size>
         <input_file_ref idref="fl-52"/>
      </object_component>
      <object_component id="oc-f8">
         <name>.text:PinIN</name>
         <load_address>0xcdc6</load_address>
         <run_address>0xcdc6</run_address>
         <size>0x48</size>
         <input_file_ref idref="fl-6"/>
      </object_component>
      <object_component id="oc-df">
         <name>.text:_auto_init</name>
         <load_address>0xce0e</load_address>
         <run_address>0xce0e</run_address>
         <size>0x48</size>
         <input_file_ref idref="fl-5b"/>
      </object_component>
      <object_component id="oc-112">
         <name>.text:votageCheck</name>
         <load_address>0xce56</load_address>
         <run_address>0xce56</run_address>
         <size>0x44</size>
         <input_file_ref idref="fl-2"/>
      </object_component>
      <object_component id="oc-8b">
         <name>.text</name>
         <load_address>0xce9a</load_address>
         <run_address>0xce9a</run_address>
         <size>0x40</size>
         <input_file_ref idref="fl-3e"/>
      </object_component>
      <object_component id="oc-dc">
         <name>.text:USCIAB0TX_ISR</name>
         <load_address>0xceda</load_address>
         <run_address>0xceda</run_address>
         <size>0x3e</size>
         <input_file_ref idref="fl-7"/>
      </object_component>
      <object_component id="oc-fe">
         <name>.text:USCI_I2C_Init</name>
         <load_address>0xcf18</load_address>
         <run_address>0xcf18</run_address>
         <size>0x38</size>
         <input_file_ref idref="fl-7"/>
      </object_component>
      <object_component id="oc-102">
         <name>.text:HT1621_SendBit</name>
         <load_address>0xcf50</load_address>
         <run_address>0xcf50</run_address>
         <size>0x36</size>
         <input_file_ref idref="fl-3"/>
      </object_component>
      <object_component id="oc-f5">
         <name>.text:LCD_Init</name>
         <load_address>0xcf86</load_address>
         <run_address>0xcf86</run_address>
         <size>0x32</size>
         <input_file_ref idref="fl-2"/>
      </object_component>
      <object_component id="oc-10a">
         <name>.text:I2C_IO12_Onclick</name>
         <load_address>0xcfb8</load_address>
         <run_address>0xcfb8</run_address>
         <size>0x2e</size>
         <input_file_ref idref="fl-2"/>
      </object_component>
      <object_component id="oc-10b">
         <name>.text:I2C_IO13_Onclick</name>
         <load_address>0xcfe6</load_address>
         <run_address>0xcfe6</run_address>
         <size>0x2e</size>
         <input_file_ref idref="fl-2"/>
      </object_component>
      <object_component id="oc-61">
         <name>.text</name>
         <load_address>0xd014</load_address>
         <run_address>0xd014</run_address>
         <size>0x2c</size>
         <input_file_ref idref="fl-36"/>
      </object_component>
      <object_component id="oc-81">
         <name>.text</name>
         <load_address>0xd040</load_address>
         <run_address>0xd040</run_address>
         <size>0x2c</size>
         <input_file_ref idref="fl-3c"/>
      </object_component>
      <object_component id="oc-a5">
         <name>.text</name>
         <load_address>0xd06c</load_address>
         <run_address>0xd06c</run_address>
         <size>0x2c</size>
         <input_file_ref idref="fl-51"/>
      </object_component>
      <object_component id="oc-111">
         <name>.text:PreSet_Rx_Frame</name>
         <load_address>0xd098</load_address>
         <run_address>0xd098</run_address>
         <size>0x2a</size>
         <input_file_ref idref="fl-7"/>
      </object_component>
      <object_component id="oc-10e">
         <name>.text:PreSet_Tx_Frame</name>
         <load_address>0xd0c2</load_address>
         <run_address>0xd0c2</run_address>
         <size>0x26</size>
         <input_file_ref idref="fl-7"/>
      </object_component>
      <object_component id="oc-10d">
         <name>.text</name>
         <load_address>0xd0e8</load_address>
         <run_address>0xd0e8</run_address>
         <size>0x26</size>
         <input_file_ref idref="fl-57"/>
      </object_component>
      <object_component id="oc-f2">
         <name>.text:ADC10_init</name>
         <load_address>0xd10e</load_address>
         <run_address>0xd10e</run_address>
         <size>0x24</size>
         <input_file_ref idref="fl-2"/>
      </object_component>
      <object_component id="oc-108">
         <name>.text:I2C_IO10_Onclick</name>
         <load_address>0xd132</load_address>
         <run_address>0xd132</run_address>
         <size>0x22</size>
         <input_file_ref idref="fl-2"/>
      </object_component>
      <object_component id="oc-109">
         <name>.text:I2C_IO11_Onclick</name>
         <load_address>0xd154</load_address>
         <run_address>0xd154</run_address>
         <size>0x22</size>
         <input_file_ref idref="fl-2"/>
      </object_component>
      <object_component id="oc-e6">
         <name>.text:I2C_TxFrame_ISR</name>
         <load_address>0xd176</load_address>
         <run_address>0xd176</run_address>
         <size>0x22</size>
         <input_file_ref idref="fl-7"/>
      </object_component>
      <object_component id="oc-106">
         <name>.text:USCI_I2C_Rx_Init</name>
         <load_address>0xd198</load_address>
         <run_address>0xd198</run_address>
         <size>0x20</size>
         <input_file_ref idref="fl-7"/>
      </object_component>
      <object_component id="oc-ff">
         <name>.text:USCI_I2C_Tx_Init</name>
         <load_address>0xd1b8</load_address>
         <run_address>0xd1b8</run_address>
         <size>0x20</size>
         <input_file_ref idref="fl-7"/>
      </object_component>
      <object_component id="oc-e7">
         <name>.text:I2C_RxFrame_ISR</name>
         <load_address>0xd1d8</load_address>
         <run_address>0xd1d8</run_address>
         <size>0x1e</size>
         <input_file_ref idref="fl-7"/>
      </object_component>
      <object_component id="oc-10f">
         <name>.text:LCD_ClearSeg</name>
         <load_address>0xd1f6</load_address>
         <run_address>0xd1f6</run_address>
         <size>0x1e</size>
         <input_file_ref idref="fl-4"/>
      </object_component>
      <object_component id="oc-104">
         <name>.text:LCD_DisplaySeg</name>
         <load_address>0xd214</load_address>
         <run_address>0xd214</run_address>
         <size>0x1e</size>
         <input_file_ref idref="fl-4"/>
      </object_component>
      <object_component id="oc-35">
         <name>.text:_c_int00_noargs_noexit</name>
         <load_address>0xd232</load_address>
         <run_address>0xd232</run_address>
         <size>0x1a</size>
         <input_file_ref idref="fl-38"/>
      </object_component>
      <object_component id="oc-107">
         <name>.text:TCA6416_Rx_Frame</name>
         <load_address>0xd24c</load_address>
         <run_address>0xd24c</run_address>
         <size>0x18</size>
         <input_file_ref idref="fl-6"/>
      </object_component>
      <object_component id="oc-100">
         <name>.text:TCA6416_Tx_Frame</name>
         <load_address>0xd264</load_address>
         <run_address>0xd264</run_address>
         <size>0x18</size>
         <input_file_ref idref="fl-6"/>
      </object_component>
      <object_component id="oc-86">
         <name>.text</name>
         <load_address>0xd27c</load_address>
         <run_address>0xd27c</run_address>
         <size>0x16</size>
         <input_file_ref idref="fl-3d"/>
      </object_component>
      <object_component id="oc-fd">
         <name>.text:memset</name>
         <load_address>0xd292</load_address>
         <run_address>0xd292</run_address>
         <size>0x14</size>
         <input_file_ref idref="fl-54"/>
      </object_component>
      <object_component id="oc-10c">
         <name>.text</name>
         <load_address>0xd2a6</load_address>
         <run_address>0xd2a6</run_address>
         <size>0x14</size>
         <input_file_ref idref="fl-56"/>
      </object_component>
      <object_component id="oc-da">
         <name>.text:memcpy</name>
         <load_address>0xd2ba</load_address>
         <run_address>0xd2ba</run_address>
         <size>0x12</size>
         <input_file_ref idref="fl-53"/>
      </object_component>
      <object_component id="oc-e5">
         <name>.text</name>
         <load_address>0xd2cc</load_address>
         <run_address>0xd2cc</run_address>
         <size>0x10</size>
         <input_file_ref idref="fl-40"/>
      </object_component>
      <object_component id="oc-f6">
         <name>.text:WDT_init</name>
         <load_address>0xd2dc</load_address>
         <run_address>0xd2dc</run_address>
         <size>0xc</size>
         <input_file_ref idref="fl-2"/>
      </object_component>
      <object_component id="oc-f1">
         <name>.text:TA1_PWM_SetPeriod</name>
         <load_address>0xd2e8</load_address>
         <run_address>0xd2e8</run_address>
         <size>0x8</size>
         <input_file_ref idref="fl-5"/>
      </object_component>
      <object_component id="oc-dd">
         <name>.text:watchdog_timer</name>
         <load_address>0xd2f0</load_address>
         <run_address>0xd2f0</run_address>
         <size>0x8</size>
         <input_file_ref idref="fl-2"/>
      </object_component>
      <object_component id="oc-a0">
         <name>.text:_isr:__TI_ISR_TRAP</name>
         <load_address>0xd2f8</load_address>
         <run_address>0xd2f8</run_address>
         <size>0x6</size>
         <input_file_ref idref="fl-50"/>
      </object_component>
      <object_component id="oc-de">
         <name>.text:_system_pre_init</name>
         <load_address>0xd2fe</load_address>
         <run_address>0xd2fe</run_address>
         <size>0x4</size>
         <input_file_ref idref="fl-58"/>
      </object_component>
      <object_component id="oc-e4">
         <name>.text:abort</name>
         <load_address>0xd302</load_address>
         <run_address>0xd302</run_address>
         <size>0x4</size>
         <input_file_ref idref="fl-41"/>
      </object_component>
      <object_component id="oc-3d">
         <name>.cinit</name>
         <load_address>0xd306</load_address>
         <run_address>0xd306</run_address>
         <size>0x4d</size>
         <input_file_ref idref="fl-2"/>
      </object_component>
      <object_component id="oc-49">
         <name>.cinit</name>
         <load_address>0xd354</load_address>
         <run_address>0xd354</run_address>
         <size>0x14</size>
         <input_file_ref idref="fl-4"/>
      </object_component>
      <object_component id="oc-55">
         <name>.cinit</name>
         <load_address>0xd368</load_address>
         <run_address>0xd368</run_address>
         <size>0x11</size>
         <input_file_ref idref="fl-6"/>
      </object_component>
      <object_component id="oc-5c">
         <name>.cinit</name>
         <load_address>0xd37a</load_address>
         <run_address>0xd37a</run_address>
         <size>0x11</size>
         <input_file_ref idref="fl-7"/>
      </object_component>
      <object_component id="oc-21">
         <name>.int00</name>
         <load_address>0xffe0</load_address>
         <run_address>0xffe0</run_address>
         <size>0x2</size>
         <input_file_ref idref="fl-43"/>
      </object_component>
      <object_component id="oc-22">
         <name>.int01</name>
         <load_address>0xffe2</load_address>
         <run_address>0xffe2</run_address>
         <size>0x2</size>
         <input_file_ref idref="fl-44"/>
      </object_component>
      <object_component id="oc-23">
         <name>.int02</name>
         <load_address>0xffe4</load_address>
         <run_address>0xffe4</run_address>
         <size>0x2</size>
         <input_file_ref idref="fl-45"/>
      </object_component>
      <object_component id="oc-24">
         <name>.int03</name>
         <load_address>0xffe6</load_address>
         <run_address>0xffe6</run_address>
         <size>0x2</size>
         <input_file_ref idref="fl-46"/>
      </object_component>
      <object_component id="oc-25">
         <name>.int04</name>
         <load_address>0xffe8</load_address>
         <run_address>0xffe8</run_address>
         <size>0x2</size>
         <input_file_ref idref="fl-47"/>
      </object_component>
      <object_component id="oc-26">
         <name>.int05</name>
         <load_address>0xffea</load_address>
         <run_address>0xffea</run_address>
         <size>0x2</size>
         <input_file_ref idref="fl-48"/>
      </object_component>
      <object_component id="oc-27">
         <name>.int06</name>
         <load_address>0xffec</load_address>
         <run_address>0xffec</run_address>
         <size>0x2</size>
         <input_file_ref idref="fl-7"/>
      </object_component>
      <object_component id="oc-28">
         <name>.int07</name>
         <load_address>0xffee</load_address>
         <run_address>0xffee</run_address>
         <size>0x2</size>
         <input_file_ref idref="fl-49"/>
      </object_component>
      <object_component id="oc-29">
         <name>.int08</name>
         <load_address>0xfff0</load_address>
         <run_address>0xfff0</run_address>
         <size>0x2</size>
         <input_file_ref idref="fl-4a"/>
      </object_component>
      <object_component id="oc-2a">
         <name>.int09</name>
         <load_address>0xfff2</load_address>
         <run_address>0xfff2</run_address>
         <size>0x2</size>
         <input_file_ref idref="fl-4b"/>
      </object_component>
      <object_component id="oc-2b">
         <name>.int10</name>
         <load_address>0xfff4</load_address>
         <run_address>0xfff4</run_address>
         <size>0x2</size>
         <input_file_ref idref="fl-2"/>
      </object_component>
      <object_component id="oc-2c">
         <name>.int11</name>
         <load_address>0xfff6</load_address>
         <run_address>0xfff6</run_address>
         <size>0x2</size>
         <input_file_ref idref="fl-4c"/>
      </object_component>
      <object_component id="oc-2d">
         <name>.int12</name>
         <load_address>0xfff8</load_address>
         <run_address>0xfff8</run_address>
         <size>0x2</size>
         <input_file_ref idref="fl-4d"/>
      </object_component>
      <object_component id="oc-2e">
         <name>.int13</name>
         <load_address>0xfffa</load_address>
         <run_address>0xfffa</run_address>
         <size>0x2</size>
         <input_file_ref idref="fl-4e"/>
      </object_component>
      <object_component id="oc-2f">
         <name>.int14</name>
         <load_address>0xfffc</load_address>
         <run_address>0xfffc</run_address>
         <size>0x2</size>
         <input_file_ref idref="fl-4f"/>
      </object_component>
      <object_component id="oc-68">
         <name>.reset</name>
         <load_address>0xfffe</load_address>
         <run_address>0xfffe</run_address>
         <size>0x2</size>
         <input_file_ref idref="fl-37"/>
      </object_component>
      <object_component id="oc-3c">
         <name>.debug_info</name>
         <load_address>0x0</load_address>
         <run_address>0x0</run_address>
         <size>0xd53</size>
         <input_file_ref idref="fl-2"/>
      </object_component>
      <object_component id="oc-42">
         <name>.debug_info</name>
         <load_address>0xd53</load_address>
         <run_address>0xd53</run_address>
         <size>0x53a</size>
         <input_file_ref idref="fl-3"/>
      </object_component>
      <object_component id="oc-48">
         <name>.debug_info</name>
         <load_address>0x128d</load_address>
         <run_address>0x128d</run_address>
         <size>0x546</size>
         <input_file_ref idref="fl-4"/>
      </object_component>
      <object_component id="oc-4e">
         <name>.debug_info</name>
         <load_address>0x17d3</load_address>
         <run_address>0x17d3</run_address>
         <size>0x670</size>
         <input_file_ref idref="fl-5"/>
      </object_component>
      <object_component id="oc-54">
         <name>.debug_info</name>
         <load_address>0x1e43</load_address>
         <run_address>0x1e43</run_address>
         <size>0x86a</size>
         <input_file_ref idref="fl-6"/>
      </object_component>
      <object_component id="oc-5b">
         <name>.debug_info</name>
         <load_address>0x26ad</load_address>
         <run_address>0x26ad</run_address>
         <size>0x810</size>
         <input_file_ref idref="fl-7"/>
      </object_component>
      <object_component id="oc-62">
         <name>.debug_info</name>
         <load_address>0x2ebd</load_address>
         <run_address>0x2ebd</run_address>
         <size>0xe7</size>
         <input_file_ref idref="fl-36"/>
      </object_component>
      <object_component id="oc-66">
         <name>.debug_info</name>
         <load_address>0x2fa4</load_address>
         <run_address>0x2fa4</run_address>
         <size>0x286</size>
         <input_file_ref idref="fl-37"/>
      </object_component>
      <object_component id="oc-6d">
         <name>.debug_info</name>
         <load_address>0x322a</load_address>
         <run_address>0x322a</run_address>
         <size>0x362</size>
         <input_file_ref idref="fl-38"/>
      </object_component>
      <object_component id="oc-72">
         <name>.debug_info</name>
         <load_address>0x358c</load_address>
         <run_address>0x358c</run_address>
         <size>0x2a4</size>
         <input_file_ref idref="fl-39"/>
      </object_component>
      <object_component id="oc-77">
         <name>.debug_info</name>
         <load_address>0x3830</load_address>
         <run_address>0x3830</run_address>
         <size>0x249</size>
         <input_file_ref idref="fl-3a"/>
      </object_component>
      <object_component id="oc-7c">
         <name>.debug_info</name>
         <load_address>0x3a79</load_address>
         <run_address>0x3a79</run_address>
         <size>0x25f</size>
         <input_file_ref idref="fl-3b"/>
      </object_component>
      <object_component id="oc-82">
         <name>.debug_info</name>
         <load_address>0x3cd8</load_address>
         <run_address>0x3cd8</run_address>
         <size>0xf7</size>
         <input_file_ref idref="fl-3c"/>
      </object_component>
      <object_component id="oc-87">
         <name>.debug_info</name>
         <load_address>0x3dcf</load_address>
         <run_address>0x3dcf</run_address>
         <size>0xea</size>
         <input_file_ref idref="fl-3d"/>
      </object_component>
      <object_component id="oc-8c">
         <name>.debug_info</name>
         <load_address>0x3eb9</load_address>
         <run_address>0x3eb9</run_address>
         <size>0xfa</size>
         <input_file_ref idref="fl-3e"/>
      </object_component>
      <object_component id="oc-91">
         <name>.debug_info</name>
         <load_address>0x3fb3</load_address>
         <run_address>0x3fb3</run_address>
         <size>0xec</size>
         <input_file_ref idref="fl-3f"/>
      </object_component>
      <object_component id="oc-95">
         <name>.debug_info</name>
         <load_address>0x409f</load_address>
         <run_address>0x409f</run_address>
         <size>0xf3</size>
         <input_file_ref idref="fl-40"/>
      </object_component>
      <object_component id="oc-99">
         <name>.debug_info</name>
         <load_address>0x4192</load_address>
         <run_address>0x4192</run_address>
         <size>0x2c9</size>
         <input_file_ref idref="fl-41"/>
      </object_component>
      <object_component id="oc-9e">
         <name>.debug_info</name>
         <load_address>0x445b</load_address>
         <run_address>0x445b</run_address>
         <size>0x1a0</size>
         <input_file_ref idref="fl-42"/>
      </object_component>
      <object_component id="oc-a1">
         <name>.debug_info</name>
         <load_address>0x45fb</load_address>
         <run_address>0x45fb</run_address>
         <size>0xe6</size>
         <input_file_ref idref="fl-50"/>
      </object_component>
      <object_component id="oc-a6">
         <name>.debug_info</name>
         <load_address>0x46e1</load_address>
         <run_address>0x46e1</run_address>
         <size>0xe7</size>
         <input_file_ref idref="fl-51"/>
      </object_component>
      <object_component id="oc-ab">
         <name>.debug_info</name>
         <load_address>0x47c8</load_address>
         <run_address>0x47c8</run_address>
         <size>0xe7</size>
         <input_file_ref idref="fl-52"/>
      </object_component>
      <object_component id="oc-af">
         <name>.debug_info</name>
         <load_address>0x48af</load_address>
         <run_address>0x48af</run_address>
         <size>0x2d2</size>
         <input_file_ref idref="fl-53"/>
      </object_component>
      <object_component id="oc-b4">
         <name>.debug_info</name>
         <load_address>0x4b81</load_address>
         <run_address>0x4b81</run_address>
         <size>0x35f</size>
         <input_file_ref idref="fl-54"/>
      </object_component>
      <object_component id="oc-b9">
         <name>.debug_info</name>
         <load_address>0x4ee0</load_address>
         <run_address>0x4ee0</run_address>
         <size>0x29e</size>
         <input_file_ref idref="fl-55"/>
      </object_component>
      <object_component id="oc-be">
         <name>.debug_info</name>
         <load_address>0x517e</load_address>
         <run_address>0x517e</run_address>
         <size>0xea</size>
         <input_file_ref idref="fl-56"/>
      </object_component>
      <object_component id="oc-c2">
         <name>.debug_info</name>
         <load_address>0x5268</load_address>
         <run_address>0x5268</run_address>
         <size>0xea</size>
         <input_file_ref idref="fl-57"/>
      </object_component>
      <object_component id="oc-c6">
         <name>.debug_info</name>
         <load_address>0x5352</load_address>
         <run_address>0x5352</run_address>
         <size>0x25b</size>
         <input_file_ref idref="fl-58"/>
      </object_component>
      <object_component id="oc-cb">
         <name>.debug_info</name>
         <load_address>0x55ad</load_address>
         <run_address>0x55ad</run_address>
         <size>0x204</size>
         <input_file_ref idref="fl-59"/>
      </object_component>
      <object_component id="oc-d0">
         <name>.debug_info</name>
         <load_address>0x57b1</load_address>
         <run_address>0x57b1</run_address>
         <size>0x2b6</size>
         <input_file_ref idref="fl-5a"/>
      </object_component>
      <object_component id="oc-d5">
         <name>.debug_info</name>
         <load_address>0x5a67</load_address>
         <run_address>0x5a67</run_address>
         <size>0x370</size>
         <input_file_ref idref="fl-5b"/>
      </object_component>
      <object_component id="oc-13c">
         <name>.debug_info</name>
         <load_address>0x5dd7</load_address>
         <run_address>0x5dd7</run_address>
         <size>0x9f</size>
      </object_component>
      <object_component id="oc-3e">
         <name>.debug_frame</name>
         <load_address>0x0</load_address>
         <run_address>0x0</run_address>
         <size>0x153</size>
         <input_file_ref idref="fl-2"/>
      </object_component>
      <object_component id="oc-43">
         <name>.debug_frame</name>
         <load_address>0x153</load_address>
         <run_address>0x153</run_address>
         <size>0x9e</size>
         <input_file_ref idref="fl-3"/>
      </object_component>
      <object_component id="oc-4a">
         <name>.debug_frame</name>
         <load_address>0x1f1</load_address>
         <run_address>0x1f1</run_address>
         <size>0x9e</size>
         <input_file_ref idref="fl-4"/>
      </object_component>
      <object_component id="oc-4f">
         <name>.debug_frame</name>
         <load_address>0x28f</load_address>
         <run_address>0x28f</run_address>
         <size>0x82</size>
         <input_file_ref idref="fl-5"/>
      </object_component>
      <object_component id="oc-56">
         <name>.debug_frame</name>
         <load_address>0x311</load_address>
         <run_address>0x311</run_address>
         <size>0xcc</size>
         <input_file_ref idref="fl-6"/>
      </object_component>
      <object_component id="oc-5d">
         <name>.debug_frame</name>
         <load_address>0x3dd</load_address>
         <run_address>0x3dd</run_address>
         <size>0x107</size>
         <input_file_ref idref="fl-7"/>
      </object_component>
      <object_component id="oc-69">
         <name>.debug_frame</name>
         <load_address>0x4e4</load_address>
         <run_address>0x4e4</run_address>
         <size>0x32</size>
         <input_file_ref idref="fl-37"/>
      </object_component>
      <object_component id="oc-6e">
         <name>.debug_frame</name>
         <load_address>0x516</load_address>
         <run_address>0x516</run_address>
         <size>0x42</size>
         <input_file_ref idref="fl-38"/>
      </object_component>
      <object_component id="oc-73">
         <name>.debug_frame</name>
         <load_address>0x558</load_address>
         <run_address>0x558</run_address>
         <size>0x32</size>
         <input_file_ref idref="fl-39"/>
      </object_component>
      <object_component id="oc-78">
         <name>.debug_frame</name>
         <load_address>0x58a</load_address>
         <run_address>0x58a</run_address>
         <size>0x32</size>
         <input_file_ref idref="fl-3a"/>
      </object_component>
      <object_component id="oc-7d">
         <name>.debug_frame</name>
         <load_address>0x5bc</load_address>
         <run_address>0x5bc</run_address>
         <size>0x32</size>
         <input_file_ref idref="fl-3b"/>
      </object_component>
      <object_component id="oc-9a">
         <name>.debug_frame</name>
         <load_address>0x5ee</load_address>
         <run_address>0x5ee</run_address>
         <size>0x47</size>
         <input_file_ref idref="fl-41"/>
      </object_component>
      <object_component id="oc-b0">
         <name>.debug_frame</name>
         <load_address>0x635</load_address>
         <run_address>0x635</run_address>
         <size>0x47</size>
         <input_file_ref idref="fl-53"/>
      </object_component>
      <object_component id="oc-b5">
         <name>.debug_frame</name>
         <load_address>0x67c</load_address>
         <run_address>0x67c</run_address>
         <size>0x47</size>
         <input_file_ref idref="fl-54"/>
      </object_component>
      <object_component id="oc-ba">
         <name>.debug_frame</name>
         <load_address>0x6c3</load_address>
         <run_address>0x6c3</run_address>
         <size>0x32</size>
         <input_file_ref idref="fl-55"/>
      </object_component>
      <object_component id="oc-c7">
         <name>.debug_frame</name>
         <load_address>0x6f5</load_address>
         <run_address>0x6f5</run_address>
         <size>0x47</size>
         <input_file_ref idref="fl-58"/>
      </object_component>
      <object_component id="oc-cc">
         <name>.debug_frame</name>
         <load_address>0x73c</load_address>
         <run_address>0x73c</run_address>
         <size>0x32</size>
         <input_file_ref idref="fl-59"/>
      </object_component>
      <object_component id="oc-d1">
         <name>.debug_frame</name>
         <load_address>0x76e</load_address>
         <run_address>0x76e</run_address>
         <size>0x32</size>
         <input_file_ref idref="fl-5a"/>
      </object_component>
      <object_component id="oc-d6">
         <name>.debug_frame</name>
         <load_address>0x7a0</load_address>
         <run_address>0x7a0</run_address>
         <size>0x51</size>
         <input_file_ref idref="fl-5b"/>
      </object_component>
      <object_component id="oc-3f">
         <name>.debug_line</name>
         <load_address>0x0</load_address>
         <run_address>0x0</run_address>
         <size>0x22b</size>
         <input_file_ref idref="fl-2"/>
      </object_component>
      <object_component id="oc-44">
         <name>.debug_line</name>
         <load_address>0x22b</load_address>
         <run_address>0x22b</run_address>
         <size>0xf4</size>
         <input_file_ref idref="fl-3"/>
      </object_component>
      <object_component id="oc-4b">
         <name>.debug_line</name>
         <load_address>0x31f</load_address>
         <run_address>0x31f</run_address>
         <size>0x43f</size>
         <input_file_ref idref="fl-4"/>
      </object_component>
      <object_component id="oc-50">
         <name>.debug_line</name>
         <load_address>0x75e</load_address>
         <run_address>0x75e</run_address>
         <size>0x176</size>
         <input_file_ref idref="fl-5"/>
      </object_component>
      <object_component id="oc-57">
         <name>.debug_line</name>
         <load_address>0x8d4</load_address>
         <run_address>0x8d4</run_address>
         <size>0xfe</size>
         <input_file_ref idref="fl-6"/>
      </object_component>
      <object_component id="oc-5e">
         <name>.debug_line</name>
         <load_address>0x9d2</load_address>
         <run_address>0x9d2</run_address>
         <size>0x152</size>
         <input_file_ref idref="fl-7"/>
      </object_component>
      <object_component id="oc-63">
         <name>.debug_line</name>
         <load_address>0xb24</load_address>
         <run_address>0xb24</run_address>
         <size>0x4e</size>
         <input_file_ref idref="fl-36"/>
      </object_component>
      <object_component id="oc-6a">
         <name>.debug_line</name>
         <load_address>0xb72</load_address>
         <run_address>0xb72</run_address>
         <size>0x27</size>
         <input_file_ref idref="fl-37"/>
      </object_component>
      <object_component id="oc-6f">
         <name>.debug_line</name>
         <load_address>0xb99</load_address>
         <run_address>0xb99</run_address>
         <size>0x4c</size>
         <input_file_ref idref="fl-38"/>
      </object_component>
      <object_component id="oc-74">
         <name>.debug_line</name>
         <load_address>0xbe5</load_address>
         <run_address>0xbe5</run_address>
         <size>0x37</size>
         <input_file_ref idref="fl-39"/>
      </object_component>
      <object_component id="oc-79">
         <name>.debug_line</name>
         <load_address>0xc1c</load_address>
         <run_address>0xc1c</run_address>
         <size>0x36</size>
         <input_file_ref idref="fl-3a"/>
      </object_component>
      <object_component id="oc-7e">
         <name>.debug_line</name>
         <load_address>0xc52</load_address>
         <run_address>0xc52</run_address>
         <size>0x31</size>
         <input_file_ref idref="fl-3b"/>
      </object_component>
      <object_component id="oc-83">
         <name>.debug_line</name>
         <load_address>0xc83</load_address>
         <run_address>0xc83</run_address>
         <size>0x4d</size>
         <input_file_ref idref="fl-3c"/>
      </object_component>
      <object_component id="oc-88">
         <name>.debug_line</name>
         <load_address>0xcd0</load_address>
         <run_address>0xcd0</run_address>
         <size>0x43</size>
         <input_file_ref idref="fl-3d"/>
      </object_component>
      <object_component id="oc-8d">
         <name>.debug_line</name>
         <load_address>0xd13</load_address>
         <run_address>0xd13</run_address>
         <size>0x5a</size>
         <input_file_ref idref="fl-3e"/>
      </object_component>
      <object_component id="oc-92">
         <name>.debug_line</name>
         <load_address>0xd6d</load_address>
         <run_address>0xd6d</run_address>
         <size>0x64</size>
         <input_file_ref idref="fl-3f"/>
      </object_component>
      <object_component id="oc-96">
         <name>.debug_line</name>
         <load_address>0xdd1</load_address>
         <run_address>0xdd1</run_address>
         <size>0x40</size>
         <input_file_ref idref="fl-40"/>
      </object_component>
      <object_component id="oc-9b">
         <name>.debug_line</name>
         <load_address>0xe11</load_address>
         <run_address>0xe11</run_address>
         <size>0x3d</size>
         <input_file_ref idref="fl-41"/>
      </object_component>
      <object_component id="oc-a2">
         <name>.debug_line</name>
         <load_address>0xe4e</load_address>
         <run_address>0xe4e</run_address>
         <size>0x3c</size>
         <input_file_ref idref="fl-50"/>
      </object_component>
      <object_component id="oc-a7">
         <name>.debug_line</name>
         <load_address>0xe8a</load_address>
         <run_address>0xe8a</run_address>
         <size>0x4e</size>
         <input_file_ref idref="fl-51"/>
      </object_component>
      <object_component id="oc-ac">
         <name>.debug_line</name>
         <load_address>0xed8</load_address>
         <run_address>0xed8</run_address>
         <size>0x5e</size>
         <input_file_ref idref="fl-52"/>
      </object_component>
      <object_component id="oc-b1">
         <name>.debug_line</name>
         <load_address>0xf36</load_address>
         <run_address>0xf36</run_address>
         <size>0x45</size>
         <input_file_ref idref="fl-53"/>
      </object_component>
      <object_component id="oc-b6">
         <name>.debug_line</name>
         <load_address>0xf7b</load_address>
         <run_address>0xf7b</run_address>
         <size>0x8e</size>
         <input_file_ref idref="fl-54"/>
      </object_component>
      <object_component id="oc-bb">
         <name>.debug_line</name>
         <load_address>0x1009</load_address>
         <run_address>0x1009</run_address>
         <size>0x2b</size>
         <input_file_ref idref="fl-55"/>
      </object_component>
      <object_component id="oc-bf">
         <name>.debug_line</name>
         <load_address>0x1034</load_address>
         <run_address>0x1034</run_address>
         <size>0x42</size>
         <input_file_ref idref="fl-56"/>
      </object_component>
      <object_component id="oc-c3">
         <name>.debug_line</name>
         <load_address>0x1076</load_address>
         <run_address>0x1076</run_address>
         <size>0x4b</size>
         <input_file_ref idref="fl-57"/>
      </object_component>
      <object_component id="oc-c8">
         <name>.debug_line</name>
         <load_address>0x10c1</load_address>
         <run_address>0x10c1</run_address>
         <size>0x3e</size>
         <input_file_ref idref="fl-58"/>
      </object_component>
      <object_component id="oc-cd">
         <name>.debug_line</name>
         <load_address>0x10ff</load_address>
         <run_address>0x10ff</run_address>
         <size>0x28</size>
         <input_file_ref idref="fl-59"/>
      </object_component>
      <object_component id="oc-d2">
         <name>.debug_line</name>
         <load_address>0x1127</load_address>
         <run_address>0x1127</run_address>
         <size>0x2c</size>
         <input_file_ref idref="fl-5a"/>
      </object_component>
      <object_component id="oc-d7">
         <name>.debug_line</name>
         <load_address>0x1153</load_address>
         <run_address>0x1153</run_address>
         <size>0x78</size>
         <input_file_ref idref="fl-5b"/>
      </object_component>
      <object_component id="oc-40">
         <name>.debug_abbrev</name>
         <load_address>0x0</load_address>
         <run_address>0x0</run_address>
         <size>0x152</size>
         <input_file_ref idref="fl-2"/>
      </object_component>
      <object_component id="oc-45">
         <name>.debug_abbrev</name>
         <load_address>0x152</load_address>
         <run_address>0x152</run_address>
         <size>0xbb</size>
         <input_file_ref idref="fl-3"/>
      </object_component>
      <object_component id="oc-4c">
         <name>.debug_abbrev</name>
         <load_address>0x20d</load_address>
         <run_address>0x20d</run_address>
         <size>0xf1</size>
         <input_file_ref idref="fl-4"/>
      </object_component>
      <object_component id="oc-51">
         <name>.debug_abbrev</name>
         <load_address>0x2fe</load_address>
         <run_address>0x2fe</run_address>
         <size>0xf8</size>
         <input_file_ref idref="fl-5"/>
      </object_component>
      <object_component id="oc-58">
         <name>.debug_abbrev</name>
         <load_address>0x3f6</load_address>
         <run_address>0x3f6</run_address>
         <size>0x108</size>
         <input_file_ref idref="fl-6"/>
      </object_component>
      <object_component id="oc-5f">
         <name>.debug_abbrev</name>
         <load_address>0x4fe</load_address>
         <run_address>0x4fe</run_address>
         <size>0x137</size>
         <input_file_ref idref="fl-7"/>
      </object_component>
      <object_component id="oc-64">
         <name>.debug_abbrev</name>
         <load_address>0x635</load_address>
         <run_address>0x635</run_address>
         <size>0x38</size>
         <input_file_ref idref="fl-36"/>
      </object_component>
      <object_component id="oc-6b">
         <name>.debug_abbrev</name>
         <load_address>0x66d</load_address>
         <run_address>0x66d</run_address>
         <size>0xb0</size>
         <input_file_ref idref="fl-37"/>
      </object_component>
      <object_component id="oc-70">
         <name>.debug_abbrev</name>
         <load_address>0x71d</load_address>
         <run_address>0x71d</run_address>
         <size>0xb2</size>
         <input_file_ref idref="fl-38"/>
      </object_component>
      <object_component id="oc-75">
         <name>.debug_abbrev</name>
         <load_address>0x7cf</load_address>
         <run_address>0x7cf</run_address>
         <size>0xbb</size>
         <input_file_ref idref="fl-39"/>
      </object_component>
      <object_component id="oc-7a">
         <name>.debug_abbrev</name>
         <load_address>0x88a</load_address>
         <run_address>0x88a</run_address>
         <size>0xd6</size>
         <input_file_ref idref="fl-3a"/>
      </object_component>
      <object_component id="oc-7f">
         <name>.debug_abbrev</name>
         <load_address>0x960</load_address>
         <run_address>0x960</run_address>
         <size>0x9d</size>
         <input_file_ref idref="fl-3b"/>
      </object_component>
      <object_component id="oc-84">
         <name>.debug_abbrev</name>
         <load_address>0x9fd</load_address>
         <run_address>0x9fd</run_address>
         <size>0x46</size>
         <input_file_ref idref="fl-3c"/>
      </object_component>
      <object_component id="oc-89">
         <name>.debug_abbrev</name>
         <load_address>0xa43</load_address>
         <run_address>0xa43</run_address>
         <size>0x38</size>
         <input_file_ref idref="fl-3d"/>
      </object_component>
      <object_component id="oc-8e">
         <name>.debug_abbrev</name>
         <load_address>0xa7b</load_address>
         <run_address>0xa7b</run_address>
         <size>0x46</size>
         <input_file_ref idref="fl-3e"/>
      </object_component>
      <object_component id="oc-93">
         <name>.debug_abbrev</name>
         <load_address>0xac1</load_address>
         <run_address>0xac1</run_address>
         <size>0x38</size>
         <input_file_ref idref="fl-3f"/>
      </object_component>
      <object_component id="oc-97">
         <name>.debug_abbrev</name>
         <load_address>0xaf9</load_address>
         <run_address>0xaf9</run_address>
         <size>0x36</size>
         <input_file_ref idref="fl-40"/>
      </object_component>
      <object_component id="oc-9c">
         <name>.debug_abbrev</name>
         <load_address>0xb2f</load_address>
         <run_address>0xb2f</run_address>
         <size>0xfe</size>
         <input_file_ref idref="fl-41"/>
      </object_component>
      <object_component id="oc-9f">
         <name>.debug_abbrev</name>
         <load_address>0xc2d</load_address>
         <run_address>0xc2d</run_address>
         <size>0x53</size>
         <input_file_ref idref="fl-42"/>
      </object_component>
      <object_component id="oc-a3">
         <name>.debug_abbrev</name>
         <load_address>0xc80</load_address>
         <run_address>0xc80</run_address>
         <size>0x24</size>
         <input_file_ref idref="fl-50"/>
      </object_component>
      <object_component id="oc-a8">
         <name>.debug_abbrev</name>
         <load_address>0xca4</load_address>
         <run_address>0xca4</run_address>
         <size>0x38</size>
         <input_file_ref idref="fl-51"/>
      </object_component>
      <object_component id="oc-ad">
         <name>.debug_abbrev</name>
         <load_address>0xcdc</load_address>
         <run_address>0xcdc</run_address>
         <size>0x38</size>
         <input_file_ref idref="fl-52"/>
      </object_component>
      <object_component id="oc-b2">
         <name>.debug_abbrev</name>
         <load_address>0xd14</load_address>
         <run_address>0xd14</run_address>
         <size>0x9f</size>
         <input_file_ref idref="fl-53"/>
      </object_component>
      <object_component id="oc-b7">
         <name>.debug_abbrev</name>
         <load_address>0xdb3</load_address>
         <run_address>0xdb3</run_address>
         <size>0x9f</size>
         <input_file_ref idref="fl-54"/>
      </object_component>
      <object_component id="oc-bc">
         <name>.debug_abbrev</name>
         <load_address>0xe52</load_address>
         <run_address>0xe52</run_address>
         <size>0xa6</size>
         <input_file_ref idref="fl-55"/>
      </object_component>
      <object_component id="oc-c0">
         <name>.debug_abbrev</name>
         <load_address>0xef8</load_address>
         <run_address>0xef8</run_address>
         <size>0x38</size>
         <input_file_ref idref="fl-56"/>
      </object_component>
      <object_component id="oc-c4">
         <name>.debug_abbrev</name>
         <load_address>0xf30</load_address>
         <run_address>0xf30</run_address>
         <size>0x38</size>
         <input_file_ref idref="fl-57"/>
      </object_component>
      <object_component id="oc-c9">
         <name>.debug_abbrev</name>
         <load_address>0xf68</load_address>
         <run_address>0xf68</run_address>
         <size>0x68</size>
         <input_file_ref idref="fl-58"/>
      </object_component>
      <object_component id="oc-ce">
         <name>.debug_abbrev</name>
         <load_address>0xfd0</load_address>
         <run_address>0xfd0</run_address>
         <size>0xa9</size>
         <input_file_ref idref="fl-59"/>
      </object_component>
      <object_component id="oc-d3">
         <name>.debug_abbrev</name>
         <load_address>0x1079</load_address>
         <run_address>0x1079</run_address>
         <size>0xec</size>
         <input_file_ref idref="fl-5a"/>
      </object_component>
      <object_component id="oc-d8">
         <name>.debug_abbrev</name>
         <load_address>0x1165</load_address>
         <run_address>0x1165</run_address>
         <size>0xec</size>
         <input_file_ref idref="fl-5b"/>
      </object_component>
      <object_component id="oc-13d">
         <name>.debug_abbrev</name>
         <load_address>0x1251</load_address>
         <run_address>0x1251</run_address>
         <size>0xf</size>
      </object_component>
      <object_component id="oc-41">
         <name>.debug_aranges</name>
         <load_address>0x0</load_address>
         <run_address>0x0</run_address>
         <size>0x80</size>
         <input_file_ref idref="fl-2"/>
      </object_component>
      <object_component id="oc-46">
         <name>.debug_aranges</name>
         <load_address>0x80</load_address>
         <run_address>0x80</run_address>
         <size>0x30</size>
         <input_file_ref idref="fl-3"/>
      </object_component>
      <object_component id="oc-4d">
         <name>.debug_aranges</name>
         <load_address>0xb0</load_address>
         <run_address>0xb0</run_address>
         <size>0x38</size>
         <input_file_ref idref="fl-4"/>
      </object_component>
      <object_component id="oc-52">
         <name>.debug_aranges</name>
         <load_address>0xe8</load_address>
         <run_address>0xe8</run_address>
         <size>0x30</size>
         <input_file_ref idref="fl-5"/>
      </object_component>
      <object_component id="oc-59">
         <name>.debug_aranges</name>
         <load_address>0x118</load_address>
         <run_address>0x118</run_address>
         <size>0x40</size>
         <input_file_ref idref="fl-6"/>
      </object_component>
      <object_component id="oc-60">
         <name>.debug_aranges</name>
         <load_address>0x158</load_address>
         <run_address>0x158</run_address>
         <size>0x58</size>
         <input_file_ref idref="fl-7"/>
      </object_component>
      <object_component id="oc-65">
         <name>.debug_aranges</name>
         <load_address>0x1b0</load_address>
         <run_address>0x1b0</run_address>
         <size>0x20</size>
         <input_file_ref idref="fl-36"/>
      </object_component>
      <object_component id="oc-6c">
         <name>.debug_aranges</name>
         <load_address>0x1d0</load_address>
         <run_address>0x1d0</run_address>
         <size>0x18</size>
         <input_file_ref idref="fl-37"/>
      </object_component>
      <object_component id="oc-71">
         <name>.debug_aranges</name>
         <load_address>0x1e8</load_address>
         <run_address>0x1e8</run_address>
         <size>0x20</size>
         <input_file_ref idref="fl-38"/>
      </object_component>
      <object_component id="oc-76">
         <name>.debug_aranges</name>
         <load_address>0x208</load_address>
         <run_address>0x208</run_address>
         <size>0x18</size>
         <input_file_ref idref="fl-39"/>
      </object_component>
      <object_component id="oc-7b">
         <name>.debug_aranges</name>
         <load_address>0x220</load_address>
         <run_address>0x220</run_address>
         <size>0x18</size>
         <input_file_ref idref="fl-3a"/>
      </object_component>
      <object_component id="oc-80">
         <name>.debug_aranges</name>
         <load_address>0x238</load_address>
         <run_address>0x238</run_address>
         <size>0x18</size>
         <input_file_ref idref="fl-3b"/>
      </object_component>
      <object_component id="oc-85">
         <name>.debug_aranges</name>
         <load_address>0x250</load_address>
         <run_address>0x250</run_address>
         <size>0x20</size>
         <input_file_ref idref="fl-3c"/>
      </object_component>
      <object_component id="oc-8a">
         <name>.debug_aranges</name>
         <load_address>0x270</load_address>
         <run_address>0x270</run_address>
         <size>0x20</size>
         <input_file_ref idref="fl-3d"/>
      </object_component>
      <object_component id="oc-8f">
         <name>.debug_aranges</name>
         <load_address>0x290</load_address>
         <run_address>0x290</run_address>
         <size>0x20</size>
         <input_file_ref idref="fl-3e"/>
      </object_component>
      <object_component id="oc-94">
         <name>.debug_aranges</name>
         <load_address>0x2b0</load_address>
         <run_address>0x2b0</run_address>
         <size>0x20</size>
         <input_file_ref idref="fl-3f"/>
      </object_component>
      <object_component id="oc-98">
         <name>.debug_aranges</name>
         <load_address>0x2d0</load_address>
         <run_address>0x2d0</run_address>
         <size>0x20</size>
         <input_file_ref idref="fl-40"/>
      </object_component>
      <object_component id="oc-9d">
         <name>.debug_aranges</name>
         <load_address>0x2f0</load_address>
         <run_address>0x2f0</run_address>
         <size>0x20</size>
         <input_file_ref idref="fl-41"/>
      </object_component>
      <object_component id="oc-a4">
         <name>.debug_aranges</name>
         <load_address>0x310</load_address>
         <run_address>0x310</run_address>
         <size>0x20</size>
         <input_file_ref idref="fl-50"/>
      </object_component>
      <object_component id="oc-a9">
         <name>.debug_aranges</name>
         <load_address>0x330</load_address>
         <run_address>0x330</run_address>
         <size>0x20</size>
         <input_file_ref idref="fl-51"/>
      </object_component>
      <object_component id="oc-ae">
         <name>.debug_aranges</name>
         <load_address>0x350</load_address>
         <run_address>0x350</run_address>
         <size>0x20</size>
         <input_file_ref idref="fl-52"/>
      </object_component>
      <object_component id="oc-b3">
         <name>.debug_aranges</name>
         <load_address>0x370</load_address>
         <run_address>0x370</run_address>
         <size>0x20</size>
         <input_file_ref idref="fl-53"/>
      </object_component>
      <object_component id="oc-b8">
         <name>.debug_aranges</name>
         <load_address>0x390</load_address>
         <run_address>0x390</run_address>
         <size>0x20</size>
         <input_file_ref idref="fl-54"/>
      </object_component>
      <object_component id="oc-bd">
         <name>.debug_aranges</name>
         <load_address>0x3b0</load_address>
         <run_address>0x3b0</run_address>
         <size>0x18</size>
         <input_file_ref idref="fl-55"/>
      </object_component>
      <object_component id="oc-c1">
         <name>.debug_aranges</name>
         <load_address>0x3c8</load_address>
         <run_address>0x3c8</run_address>
         <size>0x20</size>
         <input_file_ref idref="fl-56"/>
      </object_component>
      <object_component id="oc-c5">
         <name>.debug_aranges</name>
         <load_address>0x3e8</load_address>
         <run_address>0x3e8</run_address>
         <size>0x20</size>
         <input_file_ref idref="fl-57"/>
      </object_component>
      <object_component id="oc-ca">
         <name>.debug_aranges</name>
         <load_address>0x408</load_address>
         <run_address>0x408</run_address>
         <size>0x20</size>
         <input_file_ref idref="fl-58"/>
      </object_component>
      <object_component id="oc-cf">
         <name>.debug_aranges</name>
         <load_address>0x428</load_address>
         <run_address>0x428</run_address>
         <size>0x18</size>
         <input_file_ref idref="fl-59"/>
      </object_component>
      <object_component id="oc-d4">
         <name>.debug_aranges</name>
         <load_address>0x440</load_address>
         <run_address>0x440</run_address>
         <size>0x18</size>
         <input_file_ref idref="fl-5a"/>
      </object_component>
      <object_component id="oc-d9">
         <name>.debug_aranges</name>
         <load_address>0x458</load_address>
         <run_address>0x458</run_address>
         <size>0x20</size>
         <input_file_ref idref="fl-5b"/>
      </object_component>
   </object_component_list>
   <logical_group_list>
      <logical_group id="lg-2" display="no" color="cyan">
         <name>.bss</name>
         <run_address>0x200</run_address>
         <size>0x4a</size>
         <contents>
            <object_component_ref idref="oc-3b"/>
            <object_component_ref idref="oc-47"/>
            <object_component_ref idref="oc-53"/>
            <object_component_ref idref="oc-5a"/>
         </contents>
      </logical_group>
      <logical_group id="lg-3" display="no" color="cyan">
         <name>.sysmem</name>
         <run_address>0x0</run_address>
         <size>0x0</size>
         <contents>
         </contents>
      </logical_group>
      <logical_group id="lg-4" display="no" color="cyan">
         <name>.stack</name>
         <run_address>0x3b0</run_address>
         <size>0x50</size>
         <contents>
            <object_component_ref idref="oc-67"/>
            <object_component_ref idref="oc-13b"/>
         </contents>
      </logical_group>
      <logical_group id="lg-5" display="no" color="cyan">
         <name>.text</name>
         <load_address>0xc000</load_address>
         <run_address>0xc000</run_address>
         <size>0x1306</size>
         <contents>
            <object_component_ref idref="oc-110"/>
            <object_component_ref idref="oc-f0"/>
            <object_component_ref idref="oc-fb"/>
            <object_component_ref idref="oc-f4"/>
            <object_component_ref idref="oc-101"/>
            <object_component_ref idref="oc-103"/>
            <object_component_ref idref="oc-f9"/>
            <object_component_ref idref="oc-105"/>
            <object_component_ref idref="oc-fa"/>
            <object_component_ref idref="oc-f3"/>
            <object_component_ref idref="oc-e3"/>
            <object_component_ref idref="oc-f7"/>
            <object_component_ref idref="oc-90"/>
            <object_component_ref idref="oc-aa"/>
            <object_component_ref idref="oc-f8"/>
            <object_component_ref idref="oc-df"/>
            <object_component_ref idref="oc-112"/>
            <object_component_ref idref="oc-8b"/>
            <object_component_ref idref="oc-dc"/>
            <object_component_ref idref="oc-fe"/>
            <object_component_ref idref="oc-102"/>
            <object_component_ref idref="oc-f5"/>
            <object_component_ref idref="oc-10a"/>
            <object_component_ref idref="oc-10b"/>
            <object_component_ref idref="oc-61"/>
            <object_component_ref idref="oc-81"/>
            <object_component_ref idref="oc-a5"/>
            <object_component_ref idref="oc-111"/>
            <object_component_ref idref="oc-10e"/>
            <object_component_ref idref="oc-10d"/>
            <object_component_ref idref="oc-f2"/>
            <object_component_ref idref="oc-108"/>
            <object_component_ref idref="oc-109"/>
            <object_component_ref idref="oc-e6"/>
            <object_component_ref idref="oc-106"/>
            <object_component_ref idref="oc-ff"/>
            <object_component_ref idref="oc-e7"/>
            <object_component_ref idref="oc-10f"/>
            <object_component_ref idref="oc-104"/>
            <object_component_ref idref="oc-35"/>
            <object_component_ref idref="oc-107"/>
            <object_component_ref idref="oc-100"/>
            <object_component_ref idref="oc-86"/>
            <object_component_ref idref="oc-fd"/>
            <object_component_ref idref="oc-10c"/>
            <object_component_ref idref="oc-da"/>
            <object_component_ref idref="oc-e5"/>
            <object_component_ref idref="oc-f6"/>
            <object_component_ref idref="oc-f1"/>
            <object_component_ref idref="oc-dd"/>
            <object_component_ref idref="oc-a0"/>
            <object_component_ref idref="oc-de"/>
            <object_component_ref idref="oc-e4"/>
         </contents>
      </logical_group>
      <logical_group id="lg-6" display="no" color="cyan">
         <name>.cinit</name>
         <load_address>0xd306</load_address>
         <run_address>0xd306</run_address>
         <size>0x88</size>
         <contents>
            <object_component_ref idref="oc-3d"/>
            <object_component_ref idref="oc-49"/>
            <object_component_ref idref="oc-55"/>
            <object_component_ref idref="oc-5c"/>
         </contents>
      </logical_group>
      <logical_group id="lg-7" display="no" color="cyan">
         <name>.const</name>
         <run_address>0x0</run_address>
         <size>0x0</size>
         <contents>
         </contents>
      </logical_group>
      <logical_group id="lg-8" display="no" color="cyan">
         <name>.cio</name>
         <run_address>0x0</run_address>
         <size>0x0</size>
         <contents>
         </contents>
      </logical_group>
      <logical_group id="lg-9" display="no" color="cyan">
         <name>.pinit</name>
         <run_address>0x0</run_address>
         <size>0x0</size>
         <contents>
         </contents>
      </logical_group>
      <logical_group id="lg-a" display="no" color="cyan">
         <name>.infoA</name>
         <run_address>0x0</run_address>
         <size>0x0</size>
         <contents>
         </contents>
      </logical_group>
      <logical_group id="lg-b" display="no" color="cyan">
         <name>.infoB</name>
         <run_address>0x0</run_address>
         <size>0x0</size>
         <contents>
         </contents>
      </logical_group>
      <logical_group id="lg-c" display="no" color="cyan">
         <name>.infoC</name>
         <run_address>0x0</run_address>
         <size>0x0</size>
         <contents>
         </contents>
      </logical_group>
      <logical_group id="lg-d" display="no" color="cyan">
         <name>.infoD</name>
         <run_address>0x0</run_address>
         <size>0x0</size>
         <contents>
         </contents>
      </logical_group>
      <logical_group id="lg-e" display="no" color="cyan">
         <name>.int00</name>
         <load_address>0xffe0</load_address>
         <run_address>0xffe0</run_address>
         <size>0x2</size>
         <contents>
            <object_component_ref idref="oc-21"/>
         </contents>
      </logical_group>
      <logical_group id="lg-f" display="no" color="cyan">
         <name>.int01</name>
         <load_address>0xffe2</load_address>
         <run_address>0xffe2</run_address>
         <size>0x2</size>
         <contents>
            <object_component_ref idref="oc-22"/>
         </contents>
      </logical_group>
      <logical_group id="lg-10" display="no" color="cyan">
         <name>.int02</name>
         <load_address>0xffe4</load_address>
         <run_address>0xffe4</run_address>
         <size>0x2</size>
         <contents>
            <object_component_ref idref="oc-23"/>
         </contents>
      </logical_group>
      <logical_group id="lg-11" display="no" color="cyan">
         <name>.int03</name>
         <load_address>0xffe6</load_address>
         <run_address>0xffe6</run_address>
         <size>0x2</size>
         <contents>
            <object_component_ref idref="oc-24"/>
         </contents>
      </logical_group>
      <logical_group id="lg-12" display="no" color="cyan">
         <name>.int04</name>
         <load_address>0xffe8</load_address>
         <run_address>0xffe8</run_address>
         <size>0x2</size>
         <contents>
            <object_component_ref idref="oc-25"/>
         </contents>
      </logical_group>
      <logical_group id="lg-13" display="no" color="cyan">
         <name>.int05</name>
         <load_address>0xffea</load_address>
         <run_address>0xffea</run_address>
         <size>0x2</size>
         <contents>
            <object_component_ref idref="oc-26"/>
         </contents>
      </logical_group>
      <logical_group id="lg-14" display="no" color="cyan">
         <name>.int06</name>
         <load_address>0xffec</load_address>
         <run_address>0xffec</run_address>
         <size>0x2</size>
         <contents>
            <object_component_ref idref="oc-27"/>
         </contents>
      </logical_group>
      <logical_group id="lg-15" display="no" color="cyan">
         <name>.int07</name>
         <load_address>0xffee</load_address>
         <run_address>0xffee</run_address>
         <size>0x2</size>
         <contents>
            <object_component_ref idref="oc-28"/>
         </contents>
      </logical_group>
      <logical_group id="lg-16" display="no" color="cyan">
         <name>.int08</name>
         <load_address>0xfff0</load_address>
         <run_address>0xfff0</run_address>
         <size>0x2</size>
         <contents>
            <object_component_ref idref="oc-29"/>
         </contents>
      </logical_group>
      <logical_group id="lg-17" display="no" color="cyan">
         <name>.int09</name>
         <load_address>0xfff2</load_address>
         <run_address>0xfff2</run_address>
         <size>0x2</size>
         <contents>
            <object_component_ref idref="oc-2a"/>
         </contents>
      </logical_group>
      <logical_group id="lg-18" display="no" color="cyan">
         <name>.int10</name>
         <load_address>0xfff4</load_address>
         <run_address>0xfff4</run_address>
         <size>0x2</size>
         <contents>
            <object_component_ref idref="oc-2b"/>
         </contents>
      </logical_group>
      <logical_group id="lg-19" display="no" color="cyan">
         <name>.int11</name>
         <load_address>0xfff6</load_address>
         <run_address>0xfff6</run_address>
         <size>0x2</size>
         <contents>
            <object_component_ref idref="oc-2c"/>
         </contents>
      </logical_group>
      <logical_group id="lg-1a" display="no" color="cyan">
         <name>.int12</name>
         <load_address>0xfff8</load_address>
         <run_address>0xfff8</run_address>
         <size>0x2</size>
         <contents>
            <object_component_ref idref="oc-2d"/>
         </contents>
      </logical_group>
      <logical_group id="lg-1b" display="no" color="cyan">
         <name>.int13</name>
         <load_address>0xfffa</load_address>
         <run_address>0xfffa</run_address>
         <size>0x2</size>
         <contents>
            <object_component_ref idref="oc-2e"/>
         </contents>
      </logical_group>
      <logical_group id="lg-1c" display="no" color="cyan">
         <name>.int14</name>
         <load_address>0xfffc</load_address>
         <run_address>0xfffc</run_address>
         <size>0x2</size>
         <contents>
            <object_component_ref idref="oc-2f"/>
         </contents>
      </logical_group>
      <logical_group id="lg-1d" display="no" color="cyan">
         <name>.reset</name>
         <load_address>0xfffe</load_address>
         <run_address>0xfffe</run_address>
         <size>0x2</size>
         <contents>
            <object_component_ref idref="oc-68"/>
         </contents>
      </logical_group>
      <logical_group id="lg-12f" display="never" color="cyan">
         <name>.debug_info</name>
         <load_address>0x0</load_address>
         <run_address>0x0</run_address>
         <size>0x5e76</size>
         <contents>
            <object_component_ref idref="oc-3c"/>
            <object_component_ref idref="oc-42"/>
            <object_component_ref idref="oc-48"/>
            <object_component_ref idref="oc-4e"/>
            <object_component_ref idref="oc-54"/>
            <object_component_ref idref="oc-5b"/>
            <object_component_ref idref="oc-62"/>
            <object_component_ref idref="oc-66"/>
            <object_component_ref idref="oc-6d"/>
            <object_component_ref idref="oc-72"/>
            <object_component_ref idref="oc-77"/>
            <object_component_ref idref="oc-7c"/>
            <object_component_ref idref="oc-82"/>
            <object_component_ref idref="oc-87"/>
            <object_component_ref idref="oc-8c"/>
            <object_component_ref idref="oc-91"/>
            <object_component_ref idref="oc-95"/>
            <object_component_ref idref="oc-99"/>
            <object_component_ref idref="oc-9e"/>
            <object_component_ref idref="oc-a1"/>
            <object_component_ref idref="oc-a6"/>
            <object_component_ref idref="oc-ab"/>
            <object_component_ref idref="oc-af"/>
            <object_component_ref idref="oc-b4"/>
            <object_component_ref idref="oc-b9"/>
            <object_component_ref idref="oc-be"/>
            <object_component_ref idref="oc-c2"/>
            <object_component_ref idref="oc-c6"/>
            <object_component_ref idref="oc-cb"/>
            <object_component_ref idref="oc-d0"/>
            <object_component_ref idref="oc-d5"/>
            <object_component_ref idref="oc-13c"/>
         </contents>
      </logical_group>
      <logical_group id="lg-131" display="never" color="cyan">
         <name>.debug_frame</name>
         <load_address>0x0</load_address>
         <run_address>0x0</run_address>
         <size>0x7f1</size>
         <contents>
            <object_component_ref idref="oc-3e"/>
            <object_component_ref idref="oc-43"/>
[...]
         <name>getTemp</name>
         <value>0xccc4</value>
         <object_component_ref idref="oc-f7"/>
      </symbol>
      <symbol id="sm-108">
         <name>Kp</name>
         <value>0x200</value>
         <object_component_ref idref="oc-3b"/>
      </symbol>
      <symbol id="sm-109">
         <name>Ki</name>
         <value>0x202</value>
         <object_component_ref idref="oc-3b"/>
      </symbol>
      <symbol id="sm-10a">
         <name>Kd</name>
         <value>0x204</value>
         <object_component_ref idref="oc-3b"/>
      </symbol>
      <symbol id="sm-10b">
         <name>watchdog_timer</name>
         <value>0xd2f0</value>
         <object_component_ref idref="oc-dd"/>
      </symbol>
      <symbol id="sm-10c">
         <name>main</name>
         <value>0xcc62</value>
         <object_component_ref idref="oc-e3"/>
      </symbol>
      <symbol id="sm-10d">
         <name>votageCheck</name>
         <value>0xce56</value>
         <object_component_ref idref="oc-112"/>
      </symbol>
      <symbol id="sm-10e">
         <name>I2C_IODect</name>
         <value>0xca58</value>
         <object_component_ref idref="oc-f9"/>
      </symbol>
      <symbol id="sm-10f">
         <name>I2C_IO11_Onclick</name>
         <value>0xd154</value>
         <object_component_ref idref="oc-109"/>
      </symbol>
      <symbol id="sm-110">
         <name>calPermill</name>
         <value>0xcb70</value>
         <object_component_ref idref="oc-fa"/>
      </symbol>
      <symbol id="sm-111">
         <name>I2C_IO13_Onclick</name>
         <value>0xcfe6</value>
         <object_component_ref idref="oc-10b"/>
      </symbol>
      <symbol id="sm-112">
         <name>goal</name>
         <value>0x20e</value>
         <object_component_ref idref="oc-3b"/>
      </symbol>
      <symbol id="sm-113">
         <name>Votage</name>
         <value>0x20a</value>
         <object_component_ref idref="oc-3b"/>
      </symbol>
      <symbol id="sm-135">
         <name>HT1621_init</name>
         <value>0xc806</value>
         <object_component_ref idref="oc-f4"/>
      </symbol>
      <symbol id="sm-136">
         <name>HT1621_Reflash</name>
         <value>0xcae8</value>
         <object_component_ref idref="oc-105"/>
      </symbol>
      <symbol id="sm-137">
         <name>HT1621_SendBit</name>
         <value>0xcf50</value>
         <object_component_ref idref="oc-102"/>
      </symbol>
      <symbol id="sm-1d0">
         <name>LCD_Buffer</name>
         <value>0x22e</value>
         <object_component_ref idref="oc-47"/>
      </symbol>
      <symbol id="sm-1d1">
         <name>LCD_DisplayDigit</name>
         <value>0xc000</value>
         <object_component_ref idref="oc-110"/>
      </symbol>
      <symbol id="sm-1d2">
         <name>LCD_DisplaySeg</name>
         <value>0xd214</value>
         <object_component_ref idref="oc-104"/>
      </symbol>
      <symbol id="sm-1d3">
         <name>LCD_DisplayNum</name>
         <value>0xc9a2</value>
         <object_component_ref idref="oc-103"/>
      </symbol>
      <symbol id="sm-1d4">
         <name>LCD_ClearSeg</name>
         <value>0xd1f6</value>
         <object_component_ref idref="oc-10f"/>
      </symbol>
      <symbol id="sm-20c">
         <name>TA1_PWM_Init</name>
         <value>0xc53a</value>
         <object_component_ref idref="oc-f0"/>
      </symbol>
      <symbol id="sm-20d">
         <name>TA1_PWM_SetPeriod</name>
         <value>0xd2e8</value>
         <object_component_ref idref="oc-f1"/>
      </symbol>
      <symbol id="sm-20e">
         <name>TA1_PWM_SetPermill</name>
         <value>0xc6c0</value>
         <object_component_ref idref="oc-fb"/>
      </symbol>
      <symbol id="sm-232">
         <name>TCA6416_Tx_Frame</name>
         <value>0xd264</value>
         <object_component_ref idref="oc-100"/>
      </symbol>
      <symbol id="sm-233">
         <name>PinIN</name>
         <value>0xcdc6</value>
         <object_component_ref idref="oc-f8"/>
      </symbol>
      <symbol id="sm-234">
         <name>TCA6416A_InputBuffer</name>
         <value>0x246</value>
         <object_component_ref idref="oc-53"/>
      </symbol>
      <symbol id="sm-235">
         <name>PinOUT</name>
         <value>0xc8ea</value>
         <object_component_ref idref="oc-101"/>
      </symbol>
      <symbol id="sm-236">
         <name>TCA6416A_Init</name>
         <value>0xcbf4</value>
         <object_component_ref idref="oc-f3"/>
      </symbol>
      <symbol id="sm-237">
         <name>TCA6416_Rx_Frame</name>
         <value>0xd24c</value>
         <object_component_ref idref="oc-107"/>
      </symbol>
      <symbol id="sm-26a">
         <name>__TI_int06</name>
         <value>0xffec</value>
         <object_component_ref idref="oc-27"/>
      </symbol>
      <symbol id="sm-26b">
         <name>USCI_I2C_Rx_Init</name>
         <value>0xd198</value>
         <object_component_ref idref="oc-106"/>
      </symbol>
      <symbol id="sm-26c">
         <name>PreSet_Tx_Frame</name>
         <value>0xd0c2</value>
         <object_component_ref idref="oc-10e"/>
      </symbol>
      <symbol id="sm-26d">
         <name>USCI_I2C_Init</name>
         <value>0xcf18</value>
         <object_component_ref idref="oc-fe"/>
      </symbol>
      <symbol id="sm-26e">
         <name>I2C_RxFrame_ISR</name>
         <value>0xd1d8</value>
         <object_component_ref idref="oc-e7"/>
      </symbol>
      <symbol id="sm-26f">
         <name>I2C_TxFrame_ISR</name>
         <value>0xd176</value>
         <object_component_ref idref="oc-e6"/>
      </symbol>
      <symbol id="sm-270">
         <name>PreSet_Rx_Frame</name>
         <value>0xd098</value>
         <object_component_ref idref="oc-111"/>
      </symbol>
      <symbol id="sm-271">
         <name>USCIAB0TX_ISR</name>
         <value>0xceda</value>
         <object_component_ref idref="oc-dc"/>
      </symbol>
      <symbol id="sm-272">
         <name>I2C_State</name>
         <value>0x244</value>
         <object_component_ref idref="oc-5a"/>
      </symbol>
      <symbol id="sm-273">
         <name>USCI_I2C_Tx_Init</name>
         <value>0xd1b8</value>
         <object_component_ref idref="oc-ff"/>
      </symbol>
      <symbol id="sm-27f">
         <name>I_ASR</name>
         <value>0xd014</value>
         <object_component_ref idref="oc-61"/>
      </symbol>
      <symbol id="sm-280">
         <name>I_ASR_12</name>
         <value>0xd026</value>
         <object_component_ref idref="oc-61"/>
      </symbol>
      <symbol id="sm-281">
         <name>I_ASR_13</name>
         <value>0xd024</value>
         <object_component_ref idref="oc-61"/>
      </symbol>
      <symbol id="sm-282">
         <name>I_ASR_10</name>
         <value>0xd02a</value>
         <object_component_ref idref="oc-61"/>
      </symbol>
      <symbol id="sm-283">
         <name>I_ASR_11</name>
         <value>0xd028</value>
         <object_component_ref idref="oc-61"/>
      </symbol>
      <symbol id="sm-284">
         <name>I_ASR_14</name>
         <value>0xd022</value>
         <object_component_ref idref="oc-61"/>
      </symbol>
      <symbol id="sm-285">
         <name>I_ASR_15</name>
         <value>0xd020</value>
         <object_component_ref idref="oc-61"/>
      </symbol>
      <symbol id="sm-286">
         <name>I_ASR_3</name>
         <value>0xd038</value>
         <object_component_ref idref="oc-61"/>
      </symbol>
      <symbol id="sm-287">
         <name>I_ASR_2</name>
         <value>0xd03a</value>
         <object_component_ref idref="oc-61"/>
      </symbol>
      <symbol id="sm-288">
         <name>I_ASR_1</name>
         <value>0xd03c</value>
         <object_component_ref idref="oc-61"/>
      </symbol>
      <symbol id="sm-289">
         <name>I_ASR_7</name>
         <value>0xd030</value>
         <object_component_ref idref="oc-61"/>
      </symbol>
      <symbol id="sm-28a">
         <name>I_ASR_6</name>
         <value>0xd032</value>
         <object_component_ref idref="oc-61"/>
      </symbol>
      <symbol id="sm-28b">
         <name>I_ASR_5</name>
         <value>0xd034</value>
         <object_component_ref idref="oc-61"/>
      </symbol>
      <symbol id="sm-28c">
         <name>I_ASR_4</name>
         <value>0xd036</value>
         <object_component_ref idref="oc-61"/>
      </symbol>
      <symbol id="sm-28d">
         <name>I_ASR_9</name>
         <value>0xd02c</value>
         <object_component_ref idref="oc-61"/>
      </symbol>
      <symbol id="sm-28e">
         <name>I_ASR_8</name>
         <value>0xd02e</value>
         <object_component_ref idref="oc-61"/>
      </symbol>
      <symbol id="sm-29d">
         <name>_stack</name>
         <value>0x3b0</value>
         <object_component_ref idref="oc-67"/>
      </symbol>
      <symbol id="sm-29e">
         <name>_reset_vector</name>
         <value>0xfffe</value>
         <object_component_ref idref="oc-68"/>
      </symbol>
      <symbol id="sm-2ac">
         <name>_c_int00_noargs_noexit</name>
         <value>0xd232</value>
         <object_component_ref idref="oc-35"/>
      </symbol>
      <symbol id="sm-2d7">
         <name>__remi</name>
         <value>0xd040</value>
         <object_component_ref idref="oc-81"/>
      </symbol>
      <symbol id="sm-2d8">
         <name>__divi</name>
         <value>0xd040</value>
         <object_component_ref idref="oc-81"/>
      </symbol>
      <symbol id="sm-2e6">
         <name>__remu</name>
         <value>0xd27c</value>
         <object_component_ref idref="oc-86"/>
      </symbol>
      <symbol id="sm-2e7">
         <name>__divu</name>
         <value>0xd27c</value>
         <object_component_ref idref="oc-86"/>
      </symbol>
      <symbol id="sm-2f8">
         <name>__remli</name>
         <value>0xce9a</value>
         <object_component_ref idref="oc-8b"/>
      </symbol>
      <symbol id="sm-2f9">
         <name>__divli</name>
         <value>0xce9a</value>
         <object_component_ref idref="oc-8b"/>
      </symbol>
      <symbol id="sm-30c">
         <name>__divul</name>
         <value>0xcd22</value>
         <object_component_ref idref="oc-90"/>
      </symbol>
      <symbol id="sm-30d">
         <name>__remul</name>
         <value>0xcd22</value>
         <object_component_ref idref="oc-90"/>
      </symbol>
      <symbol id="sm-31a">
         <name>func_epilog_1</name>
         <value>0xd2d8</value>
         <object_component_ref idref="oc-e5"/>
      </symbol>
      <symbol id="sm-31b">
         <name>func_epilog_2</name>
         <value>0xd2d6</value>
         <object_component_ref idref="oc-e5"/>
      </symbol>
      <symbol id="sm-31c">
         <name>func_epilog_3</name>
         <value>0xd2d4</value>
         <object_component_ref idref="oc-e5"/>
      </symbol>
      <symbol id="sm-31d">
         <name>func_epilog_4</name>
         <value>0xd2d2</value>
         <object_component_ref idref="oc-e5"/>
      </symbol>
      <symbol id="sm-31e">
         <name>func_epilog_5</name>
         <value>0xd2d0</value>
         <object_component_ref idref="oc-e5"/>
      </symbol>
      <symbol id="sm-31f">
         <name>func_epilog_6</name>
         <value>0xd2ce</value>
         <object_component_ref idref="oc-e5"/>
      </symbol>
      <symbol id="sm-320">
         <name>func_epilog_7</name>
         <value>0xd2cc</value>
         <object_component_ref idref="oc-e5"/>
      </symbol>
      <symbol id="sm-32e">
         <name>C$$EXIT</name>
         <value>0xd302</value>
         <object_component_ref idref="oc-e4"/>
      </symbol>
      <symbol id="sm-32f">
         <name>abort</name>
         <value>0xd302</value>
         <object_component_ref idref="oc-e4"/>
      </symbol>
      <symbol id="sm-338">
         <name>__TI_int00</name>
         <value>0xffe0</value>
         <object_component_ref idref="oc-21"/>
      </symbol>
      <symbol id="sm-33c">
         <name>__TI_int01</name>
         <value>0xffe2</value>
         <object_component_ref idref="oc-22"/>
      </symbol>
      <symbol id="sm-340">
         <name>__TI_int02</name>
         <value>0xffe4</value>
         <object_component_ref idref="oc-23"/>
      </symbol>
      <symbol id="sm-344">
         <name>__TI_int03</name>
         <value>0xffe6</value>
         <object_component_ref idref="oc-24"/>
      </symbol>
      <symbol id="sm-348">
         <name>__TI_int04</name>
         <value>0xffe8</value>
         <object_component_ref idref="oc-25"/>
      </symbol>
      <symbol id="sm-34c">
         <name>__TI_int05</name>
         <value>0xffea</value>
         <object_component_ref idref="oc-26"/>
      </symbol>
      <symbol id="sm-350">
         <name>__TI_int07</name>
         <value>0xffee</value>
         <object_component_ref idref="oc-28"/>
      </symbol>
      <symbol id="sm-354">
         <name>__TI_int08</name>
         <value>0xfff0</value>
         <object_component_ref idref="oc-29"/>
      </symbol>
      <symbol id="sm-358">
         <name>__TI_int09</name>
         <value>0xfff2</value>
         <object_component_ref idref="oc-2a"/>
      </symbol>
      <symbol id="sm-35c">
         <name>__TI_int11</name>
         <value>0xfff6</value>
         <object_component_ref idref="oc-2c"/>
      </symbol>
      <symbol id="sm-360">
         <name>__TI_int12</name>
         <value>0xfff8</value>
         <object_component_ref idref="oc-2d"/>
      </symbol>
      <symbol id="sm-364">
         <name>__TI_int13</name>
         <value>0xfffa</value>
         <object_component_ref idref="oc-2e"/>
      </symbol>
      <symbol id="sm-368">
         <name>__TI_int14</name>
         <value>0xfffc</value>
         <object_component_ref idref="oc-2f"/>
      </symbol>
      <symbol id="sm-374">
         <name>__TI_ISR_TRAP</name>
         <value>0xd2f8</value>
         <object_component_ref idref="oc-a0"/>
      </symbol>
      <symbol id="sm-380">
         <name>I_LSL</name>
         <value>0xd06c</value>
         <object_component_ref idref="oc-a5"/>
      </symbol>
      <symbol id="sm-381">
         <name>I_LSL_3</name>
         <value>0xd090</value>
         <object_component_ref idref="oc-a5"/>
      </symbol>
      <symbol id="sm-382">
         <name>I_LSL_2</name>
         <value>0xd092</value>
         <object_component_ref idref="oc-a5"/>
      </symbol>
      <symbol id="sm-383">
         <name>I_LSL_1</name>
         <value>0xd094</value>
         <object_component_ref idref="oc-a5"/>
      </symbol>
      <symbol id="sm-384">
         <name>I_LSL_7</name>
         <value>0xd088</value>
         <object_component_ref idref="oc-a5"/>
      </symbol>
      <symbol id="sm-385">
         <name>I_LSL_6</name>
         <value>0xd08a</value>
         <object_component_ref idref="oc-a5"/>
      </symbol>
      <symbol id="sm-386">
         <name>I_LSL_5</name>
         <value>0xd08c</value>
         <object_component_ref idref="oc-a5"/>
      </symbol>
      <symbol id="sm-387">
         <name>I_LSL_4</name>
         <value>0xd08e</value>
         <object_component_ref idref="oc-a5"/>
      </symbol>
      <symbol id="sm-388">
         <name>I_LSL_9</name>
         <value>0xd084</value>
         <object_component_ref idref="oc-a5"/>
      </symbol>
      <symbol id="sm-389">
         <name>I_LSL_8</name>
         <value>0xd086</value>
         <object_component_ref idref="oc-a5"/>
      </symbol>
      <symbol id="sm-38a">
         <name>I_LSL_12</name>
         <value>0xd07e</value>
         <object_component_ref idref="oc-a5"/>
      </symbol>
      <symbol id="sm-38b">
         <name>I_LSL_13</name>
         <value>0xd07c</value>
         <object_component_ref idref="oc-a5"/>
      </symbol>
      <symbol id="sm-38c">
         <name>I_LSL_10</name>
         <value>0xd082</value>
         <object_component_ref idref="oc-a5"/>
      </symbol>
      <symbol id="sm-38d">
         <name>I_LSL_11</name>
         <value>0xd080</value>
         <object_component_ref idref="oc-a5"/>
      </symbol>
      <symbol id="sm-38e">
         <name>I_LSL_14</name>
         <value>0xd07a</value>
         <object_component_ref idref="oc-a5"/>
      </symbol>
      <symbol id="sm-38f">
         <name>I_LSL_15</name>
         <value>0xd078</value>
         <object_component_ref idref="oc-a5"/>
      </symbol>
      <symbol id="sm-39b">
         <name>I_LSR</name>
         <value>0xcd7a</value>
         <object_component_ref idref="oc-aa"/>
      </symbol>
      <symbol id="sm-39c">
         <name>I_LSR_12</name>
         <value>0xcd94</value>
         <object_component_ref idref="oc-aa"/>
      </symbol>
      <symbol id="sm-39d">
         <name>I_LSR_13</name>
         <value>0xcd90</value>
         <object_component_ref idref="oc-aa"/>
      </symbol>
      <symbol id="sm-39e">
         <name>I_LSR_10</name>
         <value>0xcd9c</value>
         <object_component_ref idref="oc-aa"/>
      </symbol>
      <symbol id="sm-39f">
         <name>I_LSR_11</name>
         <value>0xcd98</value>
         <object_component_ref idref="oc-aa"/>
      </symbol>
      <symbol id="sm-3a0">
         <name>I_LSR_14</name>
         <value>0xcd8c</value>
         <object_component_ref idref="oc-aa"/>
      </symbol>
      <symbol id="sm-3a1">
         <name>I_LSR_15</name>
         <value>0xcd88</value>
         <object_component_ref idref="oc-aa"/>
      </symbol>
      <symbol id="sm-3a2">
         <name>I_LSR_3</name>
         <value>0xcdb8</value>
         <object_component_ref idref="oc-aa"/>
      </symbol>
      <symbol id="sm-3a3">
         <name>I_LSR_2</name>
         <value>0xcdbc</value>
         <object_component_ref idref="oc-aa"/>
      </symbol>
      <symbol id="sm-3a4">
         <name>I_LSR_1</name>
         <value>0xcdc0</value>
         <object_component_ref idref="oc-aa"/>
      </symbol>
      <symbol id="sm-3a5">
         <name>I_LSR_7</name>
         <value>0xcda8</value>
         <object_component_ref idref="oc-aa"/>
      </symbol>
      <symbol id="sm-3a6">
         <name>I_LSR_6</name>
         <value>0xcdac</value>
         <object_component_ref idref="oc-aa"/>
      </symbol>
      <symbol id="sm-3a7">
         <name>I_LSR_5</name>
         <value>0xcdb0</value>
         <object_component_ref idref="oc-aa"/>
      </symbol>
      <symbol id="sm-3a8">
         <name>I_LSR_4</name>
         <value>0xcdb4</value>
         <object_component_ref idref="oc-aa"/>
      </symbol>
      <symbol id="sm-3a9">
         <name>I_LSR_9</name>
         <value>0xcda0</value>
         <object_component_ref idref="oc-aa"/>
      </symbol>
      <symbol id="sm-3aa">
         <name>I_LSR_8</name>
         <value>0xcda4</value>
         <object_component_ref idref="oc-aa"/>
      </symbol>
      <symbol id="sm-3b8">
         <name>memcpy</name>
         <value>0xd2ba</value>
         <object_component_ref idref="oc-da"/>
      </symbol>
      <symbol id="sm-3c6">
         <name>memset</name>
         <value>0xd292</value>
         <object_component_ref idref="oc-fd"/>
      </symbol>
      <symbol id="sm-3dd">
         <name>__mpyi_sw</name>
         <value>0xd2a6</value>
         <object_component_ref idref="oc-10c"/>
      </symbol>
      <symbol id="sm-3de">
         <name>__mpyi</name>
         <value>0xd2a6</value>
         <object_component_ref idref="oc-10c"/>
      </symbol>
      <symbol id="sm-3ec">
         <name>__mpyl</name>
         <value>0xd0e8</value>
         <object_component_ref idref="oc-10d"/>
      </symbol>
      <symbol id="sm-3ed">
         <name>__mpyl_sw</name>
         <value>0xd0e8</value>
         <object_component_ref idref="oc-10d"/>
      </symbol>
      <symbol id="sm-3f9">
         <name>_system_pre_init</name>
         <value>0xd2fe</value>
         <object_component_ref idref="oc-de"/>
      </symbol>
      <symbol id="sm-41f">
         <name>_auto_init</name>
         <value>0xce0e</value>
         <object_component_ref idref="oc-df"/>
      </symbol>
   </symbol_table>
   <title>Link successful</title>
</link_info>
